Component: ARM Compiler 5.06 update 6 (build 750) Tool: armlink [4d35ed]

==============================================================================

Section Cross References

    main.o(i.main) refers to misc.o(i.NVIC_PriorityGroupConfig) for NVIC_PriorityGroupConfig
    main.o(i.main) refers to delay.o(i.delay_init) for delay_init
    main.o(i.main) refers to usart.o(i.uart_init) for uart_init
    main.o(i.main) refers to led.o(i.LED_Init) for LED_Init
    main.o(i.main) refers to f2d.o(x$fpl$f2d) for __aeabi_f2d
    main.o(i.main) refers to usart.o(i.Send_Data) for Send_Data
    system_stm32f4xx.o(i.SystemCoreClockUpdate) refers to system_stm32f4xx.o(.data) for SystemCoreClock
    system_stm32f4xx.o(i.SystemInit) refers to system_stm32f4xx.o(i.SetSysClock) for SetSysClock
    stm32f4xx_tim.o(i.TIM_DeInit) refers to stm32f4xx_rcc.o(i.RCC_APB2PeriphResetCmd) for RCC_APB2PeriphResetCmd
    stm32f4xx_tim.o(i.TIM_DeInit) refers to stm32f4xx_rcc.o(i.RCC_APB1PeriphResetCmd) for RCC_APB1PeriphResetCmd
    stm32f4xx_tim.o(i.TIM_ETRClockMode1Config) refers to stm32f4xx_tim.o(i.TIM_ETRConfig) for TIM_ETRConfig
    stm32f4xx_tim.o(i.TIM_ETRClockMode2Config) refers to stm32f4xx_tim.o(i.TIM_ETRConfig) for TIM_ETRConfig
    stm32f4xx_tim.o(i.TIM_ICInit) refers to stm32f4xx_tim.o(i.TI1_Config) for TI1_Config
    stm32f4xx_tim.o(i.TIM_ICInit) refers to stm32f4xx_tim.o(i.TIM_SetIC1Prescaler) for TIM_SetIC1Prescaler
    stm32f4xx_tim.o(i.TIM_ICInit) refers to stm32f4xx_tim.o(i.TI2_Config) for TI2_Config
    stm32f4xx_tim.o(i.TIM_ICInit) refers to stm32f4xx_tim.o(i.TIM_SetIC2Prescaler) for TIM_SetIC2Prescaler
    stm32f4xx_tim.o(i.TIM_ICInit) refers to stm32f4xx_tim.o(i.TI3_Config) for TI3_Config
    stm32f4xx_tim.o(i.TIM_ICInit) refers to stm32f4xx_tim.o(i.TIM_SetIC3Prescaler) for TIM_SetIC3Prescaler
    stm32f4xx_tim.o(i.TIM_ICInit) refers to stm32f4xx_tim.o(i.TI4_Config) for TI4_Config
    stm32f4xx_tim.o(i.TIM_ICInit) refers to stm32f4xx_tim.o(i.TIM_SetIC4Prescaler) for TIM_SetIC4Prescaler
    stm32f4xx_tim.o(i.TIM_ITRxExternalClockConfig) refers to stm32f4xx_tim.o(i.TIM_SelectInputTrigger) for TIM_SelectInputTrigger
    stm32f4xx_tim.o(i.TIM_PWMIConfig) refers to stm32f4xx_tim.o(i.TI1_Config) for TI1_Config
    stm32f4xx_tim.o(i.TIM_PWMIConfig) refers to stm32f4xx_tim.o(i.TIM_SetIC1Prescaler) for TIM_SetIC1Prescaler
    stm32f4xx_tim.o(i.TIM_PWMIConfig) refers to stm32f4xx_tim.o(i.TI2_Config) for TI2_Config
    stm32f4xx_tim.o(i.TIM_PWMIConfig) refers to stm32f4xx_tim.o(i.TIM_SetIC2Prescaler) for TIM_SetIC2Prescaler
    stm32f4xx_tim.o(i.TIM_TIxExternalClockConfig) refers to stm32f4xx_tim.o(i.TI2_Config) for TI2_Config
    stm32f4xx_tim.o(i.TIM_TIxExternalClockConfig) refers to stm32f4xx_tim.o(i.TI1_Config) for TI1_Config
    stm32f4xx_tim.o(i.TIM_TIxExternalClockConfig) refers to stm32f4xx_tim.o(i.TIM_SelectInputTrigger) for TIM_SelectInputTrigger
    led.o(i.LED_Init) refers to stm32f4xx_rcc.o(i.RCC_AHB1PeriphClockCmd) for RCC_AHB1PeriphClockCmd
    led.o(i.LED_Init) refers to stm32f4xx_gpio.o(i.GPIO_Init) for GPIO_Init
    led.o(i.LED_Init) refers to stm32f4xx_gpio.o(i.GPIO_SetBits) for GPIO_SetBits
    beep.o(i.BEEP_Init) refers to stm32f4xx_rcc.o(i.RCC_AHB1PeriphClockCmd) for RCC_AHB1PeriphClockCmd
    beep.o(i.BEEP_Init) refers to stm32f4xx_gpio.o(i.GPIO_Init) for GPIO_Init
    beep.o(i.BEEP_Init) refers to stm32f4xx_gpio.o(i.GPIO_ResetBits) for GPIO_ResetBits
    key.o(i.KEY_Init) refers to stm32f4xx_rcc.o(i.RCC_AHB1PeriphClockCmd) for RCC_AHB1PeriphClockCmd
    key.o(i.KEY_Init) refers to stm32f4xx_gpio.o(i.GPIO_Init) for GPIO_Init
    key.o(i.KEY_Scan) refers to stm32f4xx_gpio.o(i.GPIO_ReadInputDataBit) for GPIO_ReadInputDataBit
    key.o(i.KEY_Scan) refers to delay.o(i.delay_ms) for delay_ms
    key.o(i.KEY_Scan) refers to key.o(.data) for key_up
    delay.o(i.delay_init) refers to misc.o(i.SysTick_CLKSourceConfig) for SysTick_CLKSourceConfig
    delay.o(i.delay_init) refers to delay.o(.data) for fac_us
    delay.o(i.delay_ms) refers to delay.o(i.delay_xms) for delay_xms
    delay.o(i.delay_us) refers to delay.o(.data) for fac_us
    delay.o(i.delay_xms) refers to delay.o(.data) for fac_ms
    usart.o(.rev16_text) refers (Special) to use_no_semi_2.o(.text) for __use_no_semihosting
    usart.o(.revsh_text) refers (Special) to use_no_semi_2.o(.text) for __use_no_semihosting
    usart.o(i.SendChar) refers (Special) to use_no_semi_2.o(.text) for __use_no_semihosting
    usart.o(i.SendChar) refers to stm32f4xx_usart_1.o(i.USART_SendData) for USART_SendData
    usart.o(i.SendChar) refers to stm32f4xx_usart_1.o(i.USART_GetFlagStatus) for USART_GetFlagStatus
    usart.o(i.SendString) refers (Special) to use_no_semi_2.o(.text) for __use_no_semihosting
    usart.o(i.SendString) refers to usart.o(i.SendChar) for SendChar
    usart.o(i.Send_Data) refers (Special) to use_no_semi_2.o(.text) for __use_no_semihosting
[...]
    .ARM.Collect$$_printf_percent$$00000005  0x08000214   Section        6  _printf_g.o(.ARM.Collect$$_printf_percent$$00000005)
    .ARM.Collect$$_printf_percent$$00000006  0x0800021a   Section        6  _printf_a.o(.ARM.Collect$$_printf_percent$$00000006)
    .ARM.Collect$$_printf_percent$$00000007  0x08000220   Section       10  _printf_ll.o(.ARM.Collect$$_printf_percent$$00000007)
    .ARM.Collect$$_printf_percent$$00000008  0x0800022a   Section        6  _printf_i.o(.ARM.Collect$$_printf_percent$$00000008)
    .ARM.Collect$$_printf_percent$$00000009  0x08000230   Section        6  _printf_d.o(.ARM.Collect$$_printf_percent$$00000009)
    .ARM.Collect$$_printf_percent$$0000000A  0x08000236   Section        6  _printf_u.o(.ARM.Collect$$_printf_percent$$0000000A)
    .ARM.Collect$$_printf_percent$$0000000B  0x0800023c   Section        6  _printf_o.o(.ARM.Collect$$_printf_percent$$0000000B)
    .ARM.Collect$$_printf_percent$$0000000C  0x08000242   Section        6  _printf_x.o(.ARM.Collect$$_printf_percent$$0000000C)
    .ARM.Collect$$_printf_percent$$0000000D  0x08000248   Section        6  _printf_lli.o(.ARM.Collect$$_printf_percent$$0000000D)
    .ARM.Collect$$_printf_percent$$0000000E  0x0800024e   Section        6  _printf_lld.o(.ARM.Collect$$_printf_percent$$0000000E)
    .ARM.Collect$$_printf_percent$$0000000F  0x08000254   Section        6  _printf_llu.o(.ARM.Collect$$_printf_percent$$0000000F)
    .ARM.Collect$$_printf_percent$$00000010  0x0800025a   Section        6  _printf_llo.o(.ARM.Collect$$_printf_percent$$00000010)
    .ARM.Collect$$_printf_percent$$00000011  0x08000260   Section        6  _printf_llx.o(.ARM.Collect$$_printf_percent$$00000011)
    .ARM.Collect$$_printf_percent$$00000012  0x08000266   Section       10  _printf_l.o(.ARM.Collect$$_printf_percent$$00000012)
    .ARM.Collect$$_printf_percent$$00000013  0x08000270   Section        6  _printf_c.o(.ARM.Collect$$_printf_percent$$00000013)
    .ARM.Collect$$_printf_percent$$00000014  0x08000276   Section        6  _printf_s.o(.ARM.Collect$$_printf_percent$$00000014)
    .ARM.Collect$$_printf_percent$$00000015  0x0800027c   Section        6  _printf_lc.o(.ARM.Collect$$_printf_percent$$00000015)
    .ARM.Collect$$_printf_percent$$00000016  0x08000282   Section        6  _printf_ls.o(.ARM.Collect$$_printf_percent$$00000016)
    .ARM.Collect$$_printf_percent$$00000017  0x08000288   Section        4  _printf_percent_end.o(.ARM.Collect$$_printf_percent$$00000017)
    .ARM.Collect$$libinit$$00000000          0x0800028c   Section        2  libinit.o(.ARM.Collect$$libinit$$00000000)
    .ARM.Collect$$libinit$$00000001          0x0800028e   Section        4  libinit2.o(.ARM.Collect$$libinit$$00000001)
    .ARM.Collect$$libinit$$00000004          0x08000292   Section        0  libinit2.o(.ARM.Collect$$libinit$$00000004)
    .ARM.Collect$$libinit$$00000005          0x08000292   Section        8  libinit2.o(.ARM.Collect$$libinit$$00000005)
    .ARM.Collect$$libinit$$0000000A          0x0800029a   Section        0  libinit2.o(.ARM.Collect$$libinit$$0000000A)
    .ARM.Collect$$libinit$$0000000C          0x0800029a   Section        0  libinit2.o(.ARM.Collect$$libinit$$0000000C)
    .ARM.Collect$$libinit$$0000000E          0x0800029a   Section        0  libinit2.o(.ARM.Collect$$libinit$$0000000E)
    .ARM.Collect$$libinit$$0000000F          0x0800029a   Section        6  libinit2.o(.ARM.Collect$$libinit$$0000000F)
    .ARM.Collect$$libinit$$00000011          0x080002a0   Section        0  libinit2.o(.ARM.Collect$$libinit$$00000011)
    .ARM.Collect$$libinit$$00000012          0x080002a0   Section       12  libinit2.o(.ARM.Collect$$libinit$$00000012)
    .ARM.Collect$$libinit$$00000013          0x080002ac   Section        0  libinit2.o(.ARM.Collect$$libinit$$00000013)
    .ARM.Collect$$libinit$$00000015          0x080002ac   Section        0  libinit2.o(.ARM.Collect$$libinit$$00000015)
    .ARM.Collect$$libinit$$00000016          0x080002ac   Section       10  libinit2.o(.ARM.Collect$$libinit$$00000016)
    .ARM.Collect$$libinit$$00000017          0x080002b6   Section        0  libinit2.o(.ARM.Collect$$libinit$$00000017)
    .ARM.Collect$$libinit$$00000019          0x080002b6   Section        0  libinit2.o(.ARM.Collect$$libinit$$00000019)
    .ARM.Collect$$libinit$$0000001B          0x080002b6   Section        0  libinit2.o(.ARM.Collect$$libinit$$0000001B)
    .ARM.Collect$$libinit$$0000001D          0x080002b6   Section        0  libinit2.o(.ARM.Collect$$libinit$$0000001D)
    .ARM.Collect$$libinit$$0000001F          0x080002b6   Section        0  libinit2.o(.ARM.Collect$$libinit$$0000001F)
    .ARM.Collect$$libinit$$00000021          0x080002b6   Section        0  libinit2.o(.ARM.Collect$$libinit$$00000021)
    .ARM.Collect$$libinit$$00000023          0x080002b6   Section        0  libinit2.o(.ARM.Collect$$libinit$$00000023)
    .ARM.Collect$$libinit$$00000025          0x080002b6   Section        0  libinit2.o(.ARM.Collect$$libinit$$00000025)
    .ARM.Collect$$libinit$$0000002C          0x080002b6   Section        0  libinit2.o(.ARM.Collect$$libinit$$0000002C)
    .ARM.Collect$$libinit$$0000002E          0x080002b6   Section        0  libinit2.o(.ARM.Collect$$libinit$$0000002E)
    .ARM.Collect$$libinit$$00000030          0x080002b6   Section        0  libinit2.o(.ARM.Collect$$libinit$$00000030)
    .ARM.Collect$$libinit$$00000032          0x080002b6   Section        0  libinit2.o(.ARM.Collect$$libinit$$00000032)
    .ARM.Collect$$libinit$$00000033          0x080002b6   Section        2  libinit2.o(.ARM.Collect$$libinit$$00000033)
    .ARM.Collect$$libshutdown$$00000000      0x080002b8   Section        2  libshutdown.o(.ARM.Collect$$libshutdown$$00000000)
    .ARM.Collect$$libshutdown$$00000002      0x080002ba   Section        0  libshutdown2.o(.ARM.Collect$$libshutdown$$00000002)
    .ARM.Collect$$libshutdown$$00000004      0x080002ba   Section        0  libshutdown2.o(.ARM.Collect$$libshutdown$$00000004)
    .ARM.Collect$$libshutdown$$00000007      0x080002ba   Section        0  libshutdown2.o(.ARM.Collect$$libshutdown$$00000007)
    .ARM.Collect$$libshutdown$$0000000A      0x080002ba   Section        0  libshutdown2.o(.ARM.Collect$$libshutdown$$0000000A)
    .ARM.Collect$$libshutdown$$0000000C      0x080002ba   Section        0  libshutdown2.o(.ARM.Collect$$libshutdown$$0000000C)
    .ARM.Collect$$libshutdown$$0000000F      0x080002ba   Section        0  libshutdown2.o(.ARM.Collect$$libshutdown$$0000000F)
    .ARM.Collect$$libshutdown$$00000010      0x080002ba   Section        2  libshutdown2.o(.ARM.Collect$$libshutdown$$00000010)
    .ARM.Collect$$rtentry$$00000000          0x080002bc   Section        0  __rtentry.o(.ARM.Collect$$rtentry$$00000000)
    .ARM.Collect$$rtentry$$00000002          0x080002bc   Section        0  __rtentry2.o(.ARM.Collect$$rtentry$$00000002)
    .ARM.Collect$$rtentry$$00000004          0x080002bc   Section        6  __rtentry4.o(.ARM.Collect$$rtentry$$00000004)
    .ARM.Collect$$rtentry$$00000009          0x080002c2   Section        0  __rtentry2.o(.ARM.Collect$$rtentry$$00000009)
    .ARM.Collect$$rtentry$$0000000A          0x080002c2   Section        4  __rtentry2.o(.ARM.Collect$$rtentry$$0000000A)
    .ARM.Collect$$rtentry$$0000000C          0x080002c6   Section        0  __rtentry2.o(.ARM.Collect$$rtentry$$0000000C)
    .ARM.Collect$$rtentry$$0000000D          0x080002c6   Section        8  __rtentry2.o(.ARM.Collect$$rtentry$$0000000D)
    .ARM.Collect$$rtexit$$00000000           0x080002ce   Section        2  rtexit.o(.ARM.Collect$$rtexit$$00000000)
    .ARM.Collect$$rtexit$$00000002           0x080002d0   Section        0  rtexit2.o(.ARM.Collect$$rtexit$$00000002)
    .ARM.Collect$$rtexit$$00000003           0x080002d0   Section        4  rtexit2.o(.ARM.Collect$$rtexit$$00000003)
    .ARM.Collect$$rtexit$$00000004           0x080002d4   Section        6  rtexit2.o(.ARM.Collect$$rtexit$$00000004)
    .emb_text                                0x080002dc   Section        0  maybetermalloc1.o(.emb_text)
    .text                                    0x080002dc   Section       64  startup_stm32f40_41xxx.o(.text)
    $v0                                      0x080002dc   Number         0  startup_stm32f40_41xxx.o(.text)
    .text                                    0x0800031c   Section        2  use_no_semi_2.o(.text)
    .text                                    0x0800031e   Section        0  h1_alloc.o(.text)
    .text                                    0x0800037c   Section        0  h1_free.o(.text)
    .text                                    0x080003cc   Section        0  vsprintf.o(.text)
    .text                                    0x080003f0   Section        0  strlen.o(.text)
    .text                                    0x0800042e   Section        0  heapauxi.o(.text)
    .text                                    0x08000434   Section        2  use_no_semi.o(.text)
    .text                                    0x08000438   Section        8  rt_heap_descriptor_intlibspace.o(.text)
    .text                                    0x08000440   Section        0  hguard.o(.text)
    .text                                    0x08000444   Section        0  init_alloc.o(.text)
    .text                                    0x080004ce   Section        0  h1_init.o(.text)
    .text                                    0x080004dc   Section        0  _printf_pad.o(.text)
    .text                                    0x0800052a   Section        0  _printf_truncate.o(.text)
    .text                                    0x0800054e   Section        0  _printf_str.o(.text)
    .text                                    0x080005a0   Section        0  _printf_dec.o(.text)
    .text                                    0x08000618   Section        0  _printf_charcount.o(.text)
    .text                                    0x08000640   Section        0  _printf_char_common.o(.text)
    _printf_input_char                       0x08000641   Thumb Code    10  _printf_char_common.o(.text)
    .text                                    0x08000670   Section        0  _sputc.o(.text)
    .text                                    0x0800067c   Section        0  _printf_wctomb.o(.text)
    .text                                    0x08000738   Section        0  _printf_longlong_dec.o(.text)
    .text                                    0x080007b4   Section        0  _printf_oct_int_ll.o(.text)
    _printf_longlong_oct_internal            0x080007b5   Thumb Code     0  _printf_oct_int_ll.o(.text)
    .text                                    0x08000824   Section        0  _printf_hex_int_ll_ptr.o(.text)
    _printf_hex_common                       0x08000825   Thumb Code     0  _printf_hex_int_ll_ptr.o(.text)
    .text                                    0x080008b8   Section        0  __printf_flags_ss_wp.o(.text)
    .text                                    0x08000a40   Section        8  libspace.o(.text)
    .text                                    0x08000a48   Section        0  h1_extend.o(.text)
    .text                                    0x08000a7c   Section      138  lludiv10.o(.text)
    .text                                    0x08000b06   Section        0  _printf_intcommon.o(.text)
    .text                                    0x08000bb8   Section        0  _printf_fp_dec.o(.text)
    _fp_digits                               0x08000bbb   Thumb Code   432  _printf_fp_dec.o(.text)
    .text                                    0x08000fd8   Section        0  _printf_fp_hex.o(.text)
    .text                                    0x080012d4   Section        0  _printf_char.o(.text)
    .text                                    0x08001300   Section        0  _printf_wchar.o(.text)
    .text                                    0x0800132c   Section        0  _wcrtomb.o(.text)
    .text                                    0x0800136c   Section        0  defsig_rtmem_outer.o(.text)
    .text                                    0x0800137a   Section       74  sys_stackheap_outer.o(.text)
    .text                                    0x080013c4   Section       16  rt_ctype_table.o(.text)
    .text                                    0x080013d4   Section        8  rt_locale_intlibspace.o(.text)
    .text                                    0x080013dc   Section        0  _printf_fp_infnan.o(.text)
    .text                                    0x0800145c   Section        0  bigflt0.o(.text)
    .text                                    0x08001540   Section        0  exit.o(.text)
    .text                                    0x08001552   Section        0  defsig_exit.o(.text)
    .text                                    0x0800155c   Section        0  defsig_rtmem_inner.o(.text)
    .text                                    0x080015ac   Section        0  defsig_general.o(.text)
    .text                                    0x080015e0   Section      128  strcmpv7m.o(.text)
    CL$$btod_d2e                             0x08001660   Section       62  btod.o(CL$$btod_d2e)
    CL$$btod_d2e_denorm_low                  0x0800169e   Section       70  btod.o(CL$$btod_d2e_denorm_low)
    CL$$btod_d2e_norm_op1                    0x080016e4   Section       96  btod.o(CL$$btod_d2e_norm_op1)
    CL$$btod_div_common                      0x08001744   Section      824  btod.o(CL$$btod_div_common)
    CL$$btod_e2e                             0x08001a7c   Section      220  btod.o(CL$$btod_e2e)
    CL$$btod_ediv                            0x08001b58   Section       42  btod.o(CL$$btod_ediv)
    CL$$btod_emul                            0x08001b82   Section       42  btod.o(CL$$btod_emul)
    CL$$btod_mult_common                     0x08001bac   Section      580  btod.o(CL$$btod_mult_common)
    i.BusFault_Handler                       0x08001df0   Section        0  stm32f4xx_it.o(i.BusFault_Handler)
    i.DebugMon_Handler                       0x08001df4   Section        0  stm32f4xx_it.o(i.DebugMon_Handler)
    i.GPIO_Init                              0x08001df6   Section        0  stm32f4xx_gpio.o(i.GPIO_Init)
    i.GPIO_PinAFConfig                       0x08001e86   Section        0  stm32f4xx_gpio.o(i.GPIO_PinAFConfig)
    i.GPIO_SetBits                           0x08001ecc   Section        0  stm32f4xx_gpio.o(i.GPIO_SetBits)
    i.HardFault_Handler                      0x08001ed0   Section        0  stm32f4xx_it.o(i.HardFault_Handler)
    i.LED_Init                               0x08001ed4   Section        0  led.o(i.LED_Init)
    i.MemManage_Handler                      0x08001f14   Section        0  stm32f4xx_it.o(i.MemManage_Handler)
    i.NMI_Handler                            0x08001f18   Section        0  stm32f4xx_it.o(i.NMI_Handler)
    i.NVIC_Init                              0x08001f1c   Section        0  misc.o(i.NVIC_Init)
    i.NVIC_PriorityGroupConfig               0x08001f94   Section        0  misc.o(i.NVIC_PriorityGroupConfig)
    i.PendSV_Handler                         0x08001fa8   Section        0  stm32f4xx_it.o(i.PendSV_Handler)
    i.RCC_AHB1PeriphClockCmd                 0x08001fac   Section        0  stm32f4xx_rcc.o(i.RCC_AHB1PeriphClockCmd)
    i.RCC_APB2PeriphClockCmd                 0x08001fcc   Section        0  stm32f4xx_rcc.o(i.RCC_APB2PeriphClockCmd)
    i.RCC_GetClocksFreq                      0x08001fec   Section        0  stm32f4xx_rcc.o(i.RCC_GetClocksFreq)
    i.SVC_Handler                            0x080020d4   Section        0  stm32f4xx_it.o(i.SVC_Handler)
    i.SendChar                               0x080020d8   Section        0  usart.o(i.SendChar)
    i.SendString                             0x080020f8   Section        0  usart.o(i.SendString)
    i.Send_Data                              0x08002110   Section        0  usart.o(i.Send_Data)
    i.SetSysClock                            0x08002174   Section        0  system_stm32f4xx.o(i.SetSysClock)
    SetSysClock                              0x08002175   Thumb Code   220  system_stm32f4xx.o(i.SetSysClock)
    i.SysTick_CLKSourceConfig                0x08002260   Section        0  misc.o(i.SysTick_CLKSourceConfig)
    i.SysTick_Handler                        0x08002288   Section        0  stm32f4xx_it.o(i.SysTick_Handler)
    i.SystemInit                             0x0800228c   Section        0  system_stm32f4xx.o(i.SystemInit)
    i.TIM_Cmd                                0x080022f4   Section        0  stm32f4xx_tim.o(i.TIM_Cmd)
    i.TIM_SetCounter                         0x0800230c   Section        0  stm32f4xx_tim.o(i.TIM_SetCounter)
    i.USART1_IRQHandler                      0x08002310   Section        0  usart.o(i.USART1_IRQHandler)
    i.USART2_IRQHandler                      0x08002398   Section        0  usart.o(i.USART2_IRQHandler)
    i.USART3_IRQHandler                      0x080023f0   Section        0  usart.o(i.USART3_IRQHandler)
    i.USART_Cmd                              0x08002460   Section        0  stm32f4xx_usart_1.o(i.USART_Cmd)
    i.USART_GetFlagStatus                    0x08002478   Section        0  stm32f4xx_usart_1.o(i.USART_GetFlagStatus)
    i.USART_GetITStatus                      0x08002492   Section        0  stm32f4xx_usart_1.o(i.USART_GetITStatus)
    i.USART_ITConfig                         0x080024e6   Section        0  stm32f4xx_usart_1.o(i.USART_ITConfig)
    i.USART_Init                             0x08002530   Section        0  stm32f4xx_usart_1.o(i.USART_Init)
    i.USART_ReceiveData                      0x08002604   Section        0  stm32f4xx_usart_1.o(i.USART_ReceiveData)
    i.USART_SendData                         0x0800260e   Section        0  stm32f4xx_usart_1.o(i.USART_SendData)
    i.UsageFault_Handler                     0x08002616   Section        0  stm32f4xx_it.o(i.UsageFault_Handler)
    i.__ARM_fpclassify                       0x0800261a   Section        0  fpclassify.o(i.__ARM_fpclassify)
    i._is_digit                              0x0800264a   Section        0  __printf_wp.o(i._is_digit)
    i._sys_exit                              0x08002658   Section        0  usart.o(i._sys_exit)
    i._ttywrch                               0x0800265c   Section        0  usart.o(i._ttywrch)
    i.delay_init                             0x08002660   Section        0  delay.o(i.delay_init)
    i.main                                   0x0800269c   Section        0  main.o(i.main)
    i.uart_init                              0x080026e4   Section        0  usart.o(i.uart_init)
    locale$$code                             0x08002790   Section       44  lc_numeric_c.o(locale$$code)
    locale$$code                             0x080027bc   Section       44  lc_ctype_c.o(locale$$code)
    x$fpl$dretinf                            0x080027e8   Section       12  dretinf.o(x$fpl$dretinf)
    $v0                                      0x080027e8   Number         0  dretinf.o(x$fpl$dretinf)
    x$fpl$f2d                                0x080027f4   Section       86  f2d.o(x$fpl$f2d)
    $v0                                      0x080027f4   Number         0  f2d.o(x$fpl$f2d)
    x$fpl$fnaninf                            0x0800284a   Section      140  fnaninf.o(x$fpl$fnaninf)
    $v0                                      0x0800284a   Number         0  fnaninf.o(x$fpl$fnaninf)
    x$fpl$fpinit                             0x080028d6   Section       10  fpinit.o(x$fpl$fpinit)
    $v0                                      0x080028d6   Number         0  fpinit.o(x$fpl$fpinit)
    x$fpl$printf1                            0x080028e0   Section        4  printf1.o(x$fpl$printf1)
    $v0                                      0x080028e0   Number         0  printf1.o(x$fpl$printf1)
    x$fpl$printf2                            0x080028e4   Section        4  printf2.o(x$fpl$printf2)
    $v0                                      0x080028e4   Number         0  printf2.o(x$fpl$printf2)
    .constdata                               0x080028e8   Section        8  _printf_wctomb.o(.constdata)
    x$fpl$usenofp                            0x080028e8   Section        0  usenofp.o(x$fpl$usenofp)
    initial_mbstate                          0x080028e8   Data           8  _printf_wctomb.o(.constdata)
    .constdata                               0x080028f0   Section       40  _printf_hex_int_ll_ptr.o(.constdata)
    uc_hextab                                0x080028f0   Data          20  _printf_hex_int_ll_ptr.o(.constdata)
    lc_hextab                                0x08002904   Data          20  _printf_hex_int_ll_ptr.o(.constdata)
    .constdata                               0x08002918   Section       17  __printf_flags_ss_wp.o(.constdata)
    maptable                                 0x08002918   Data          17  __printf_flags_ss_wp.o(.constdata)
    .constdata                               0x08002929   Section       38  _printf_fp_hex.o(.constdata)
    lc_hextab                                0x08002929   Data          19  _printf_fp_hex.o(.constdata)
    uc_hextab                                0x0800293c   Data          19  _printf_fp_hex.o(.constdata)
    .constdata                               0x08002950   Section      148  bigflt0.o(.constdata)
    tenpwrs_x                                0x08002950   Data          60  bigflt0.o(.constdata)
    tenpwrs_i                                0x0800298c   Data          64  bigflt0.o(.constdata)
    locale$$data                             0x08002a04   Section       28  lc_numeric_c.o(locale$$data)
    __lcnum_c_name                           0x08002a08   Data           2  lc_numeric_c.o(locale$$data)
    __lcnum_c_start                          0x08002a10   Data           0  lc_numeric_c.o(locale$$data)
    __lcnum_c_point                          0x08002a1c   Data           0  lc_numeric_c.o(locale$$data)
    __lcnum_c_thousands                      0x08002a1e   Data           0  lc_numeric_c.o(locale$$data)
    __lcnum_c_grouping                       0x08002a1f   Data           0  lc_numeric_c.o(locale$$data)
    locale$$data                             0x08002a20   Section      272  lc_ctype_c.o(locale$$data)
    __lcnum_c_end                            0x08002a20   Data           0  lc_numeric_c.o(locale$$data)
    __lcctype_c_name                         0x08002a24   Data           2  lc_ctype_c.o(locale$$data)
    __lcctype_c_start                        0x08002a2c   Data           0  lc_ctype_c.o(locale$$data)
    __lcctype_c_end                          0x08002b30   Data           0  lc_ctype_c.o(locale$$data)
    .data                                    0x20000000   Section        4  delay.o(.data)
    fac_us                                   0x20000000   Data           1  delay.o(.data)
    fac_ms                                   0x20000002   Data           2  delay.o(.data)
    .data                                    0x20000004   Section       16  usart.o(.data)
    .data                                    0x20000014   Section       16  stm32f4xx_rcc.o(.data)
    APBAHBPrescTable                         0x20000014   Data          16  stm32f4xx_rcc.o(.data)
    .bss                                     0x20000028   Section      911  usart.o(.bss)
    .bss                                     0x200003b8   Section       96  libspace.o(.bss)
    HEAP                                     0x20000418   Section      512  startup_stm32f40_41xxx.o(HEAP)
    Heap_Mem                                 0x20000418   Data         512  startup_stm32f40_41xxx.o(HEAP)
    STACK                                    0x20000618   Section     1024  startup_stm32f40_41xxx.o(STACK)
    Stack_Mem                                0x20000618   Data        1024  startup_stm32f40_41xxx.o(STACK)
    __initial_sp                             0x20000a18   Data           0  startup_stm32f40_41xxx.o(STACK)

    Global Symbols

    Symbol Name                              Value     Ov Type        Size  Object(Section)

    BuildAttributes$$THM_ISAv4$E$P$D$K$B$S$7EM$VFPi3$EXTD16$VFPS$VFMA$PE$A:L22UL41UL21$X:L11$S22US41US21$IEEE1$IW$USESV6$~STKCKD$USESV7$~SHL$OTIME$ROPI$IEEEJ$EBA8$UX$STANDARDLIB$REQ8$PRES8$EABIv2 0x00000000   Number         0  anon$$obj.o ABSOLUTE
    __ARM_use_no_argv                        0x00000000   Number         0  main.o ABSOLUTE
    _printf_flags                            0x00000000   Number         0  printf_stubs.o ABSOLUTE
    _printf_return_value                     0x00000000   Number         0  printf_stubs.o ABSOLUTE
    _printf_sizespec                         0x00000000   Number         0  printf_stubs.o ABSOLUTE
    _printf_widthprec                        0x00000000   Number         0  printf_stubs.o ABSOLUTE
    __ARM_exceptions_init                     - Undefined Weak Reference
    __alloca_initialize                       - Undefined Weak Reference
    __arm_preinit_                            - Undefined Weak Reference
    __cpp_initialize__aeabi_                  - Undefined Weak Reference
    __cxa_finalize                            - Undefined Weak Reference
    __sigvec_lookup                           - Undefined Weak Reference
    __user_heap_extent                        - Undefined Weak Reference
    _atexit_init                              - Undefined Weak Reference
    _call_atexit_fns                          - Undefined Weak Reference
    _clock_init                               - Undefined Weak Reference
    _fp_trap_init                             - Undefined Weak Reference
    _fp_trap_shutdown                         - Undefined Weak Reference
    _get_lc_collate                           - Undefined Weak Reference
    _get_lc_monetary                          - Undefined Weak Reference
    _get_lc_time                              - Undefined Weak Reference
    _getenv_init                              - Undefined Weak Reference
    _handle_redirection                       - Undefined Weak Reference
    _initio                                   - Undefined Weak Reference
    _mutex_acquire                            - Undefined Weak Reference
    _mutex_free                               - Undefined Weak Reference
    _mutex_release                            - Undefined Weak Reference
    _printf_mbtowc                            - Undefined Weak Reference
    _printf_wc                                - Undefined Weak Reference
    _rand_init                                - Undefined Weak Reference
    _signal_finish                            - Undefined Weak Reference
    _signal_init                              - Undefined Weak Reference
    _terminateio                              - Undefined Weak Reference
    __Vectors_Size                           0x00000188   Number         0  startup_stm32f40_41xxx.o ABSOLUTE
    __Vectors                                0x08000000   Data           4  startup_stm32f40_41xxx.o(RESET)
    __Vectors_End                            0x08000188   Data           0  startup_stm32f40_41xxx.o(RESET)
    __main                                   0x08000189   Thumb Code     8  __main.o(!!!main)
    __scatterload                            0x08000191   Thumb Code     0  __scatter.o(!!!scatter)
    __scatterload_rt2                        0x08000191   Thumb Code    44  __scatter.o(!!!scatter)
    __scatterload_rt2_thumb_only             0x08000191   Thumb Code     0  __scatter.o(!!!scatter)
    __scatterload_null                       0x0800019f   Thumb Code     0  __scatter.o(!!!scatter)
    __scatterload_copy                       0x080001c5   Thumb Code    26  __scatter_copy.o(!!handler_copy)
    __scatterload_zeroinit                   0x080001e1   Thumb Code    28  __scatter_zi.o(!!handler_zi)
    _printf_n                                0x080001fd   Thumb Code     0  _printf_n.o(.ARM.Collect$$_printf_percent$$00000001)
    _printf_percent                          0x080001fd   Thumb Code     0  _printf_percent.o(.ARM.Collect$$_printf_percent$$00000000)
    _printf_p                                0x08000203   Thumb Code     0  _printf_p.o(.ARM.Collect$$_printf_percent$$00000002)
    _printf_f                                0x08000209   Thumb Code     0  _printf_f.o(.ARM.Collect$$_printf_percent$$00000003)
    _printf_e                                0x0800020f   Thumb Code     0  _printf_e.o(.ARM.Collect$$_printf_percent$$00000004)
    _printf_g                                0x08000215   Thumb Code     0  _printf_g.o(.ARM.Collect$$_printf_percent$$00000005)
    _printf_a                                0x0800021b   Thumb Code     0  _printf_a.o(.ARM.Collect$$_printf_percent$$00000006)
    _printf_ll                               0x08000221   Thumb Code     0  _printf_ll.o(.ARM.Collect$$_printf_percent$$00000007)
    _printf_i                                0x0800022b   Thumb Code     0  _printf_i.o(.ARM.Collect$$_printf_percent$$00000008)
    _printf_d                                0x08000231   Thumb Code     0  _printf_d.o(.ARM.Collect$$_printf_percent$$00000009)
    _printf_u                                0x08000237   Thumb Code     0  _printf_u.o(.ARM.Collect$$_printf_percent$$0000000A)
    _printf_o                                0x0800023d   Thumb Code     0  _printf_o.o(.ARM.Collect$$_printf_percent$$0000000B)
    _printf_x                                0x08000243   Thumb Code     0  _printf_x.o(.ARM.Collect$$_printf_percent$$0000000C)
    _printf_lli                              0x08000249   Thumb Code     0  _printf_lli.o(.ARM.Collect$$_printf_percent$$0000000D)
    _printf_lld                              0x0800024f   Thumb Code     0  _printf_lld.o(.ARM.Collect$$_printf_percent$$0000000E)
    _printf_llu                              0x08000255   Thumb Code     0  _printf_llu.o(.ARM.Collect$$_printf_percent$$0000000F)
    _printf_llo                              0x0800025b   Thumb Code     0  _printf_llo.o(.ARM.Collect$$_printf_percent$$00000010)
    _printf_llx                              0x08000261   Thumb Code     0  _printf_llx.o(.ARM.Collect$$_printf_percent$$00000011)
    _printf_l                                0x08000267   Thumb Code     0  _printf_l.o(.ARM.Collect$$_printf_percent$$00000012)
    _printf_c                                0x08000271   Thumb Code     0  _printf_c.o(.ARM.Collect$$_printf_percent$$00000013)
    _printf_s                                0x08000277   Thumb Code     0  _printf_s.o(.ARM.Collect$$_printf_percent$$00000014)
    _printf_lc                               0x0800027d   Thumb Code     0  _printf_lc.o(.ARM.Collect$$_printf_percent$$00000015)
    _printf_ls                               0x08000283   Thumb Code     0  _printf_ls.o(.ARM.Collect$$_printf_percent$$00000016)
    _printf_percent_end                      0x08000289   Thumb Code     0  _printf_percent_end.o(.ARM.Collect$$_printf_percent$$00000017)
    __rt_lib_init                            0x0800028d   Thumb Code     0  libinit.o(.ARM.Collect$$libinit$$00000000)
    __rt_lib_init_fp_1                       0x0800028f   Thumb Code     0  libinit2.o(.ARM.Collect$$libinit$$00000001)
    __rt_lib_init_heap_2                     0x08000293   Thumb Code     0  libinit2.o(.ARM.Collect$$libinit$$00000005)
    __rt_lib_init_preinit_1                  0x08000293   Thumb Code     0  libinit2.o(.ARM.Collect$$libinit$$00000004)
    __rt_lib_init_heap_1                     0x0800029b   Thumb Code     0  libinit2.o(.ARM.Collect$$libinit$$0000000A)
    __rt_lib_init_lc_common                  0x0800029b   Thumb Code     0  libinit2.o(.ARM.Collect$$libinit$$0000000F)
    __rt_lib_init_rand_1                     0x0800029b   Thumb Code     0  libinit2.o(.ARM.Collect$$libinit$$0000000E)
    __rt_lib_init_user_alloc_1               0x0800029b   Thumb Code     0  libinit2.o(.ARM.Collect$$libinit$$0000000C)
    __rt_lib_init_lc_collate_1               0x080002a1   Thumb Code     0  libinit2.o(.ARM.Collect$$libinit$$00000011)
    __rt_lib_init_lc_ctype_2                 0x080002a1   Thumb Code     0  libinit2.o(.ARM.Collect$$libinit$$00000012)
    __rt_lib_init_lc_ctype_1                 0x080002ad   Thumb Code     0  libinit2.o(.ARM.Collect$$libinit$$00000013)
    __rt_lib_init_lc_monetary_1              0x080002ad   Thumb Code     0  libinit2.o(.ARM.Collect$$libinit$$00000015)
    __rt_lib_init_lc_numeric_2               0x080002ad   Thumb Code     0  libinit2.o(.ARM.Collect$$libinit$$00000016)
    __rt_lib_init_alloca_1                   0x080002b7   Thumb Code     0  libinit2.o(.ARM.Collect$$libinit$$0000002E)
    __rt_lib_init_argv_1                     0x080002b7   Thumb Code     0  libinit2.o(.ARM.Collect$$libinit$$0000002C)
    __rt_lib_init_atexit_1                   0x080002b7   Thumb Code     0  libinit2.o(.ARM.Collect$$libinit$$0000001B)
    __rt_lib_init_clock_1                    0x080002b7   Thumb Code     0  libinit2.o(.ARM.Collect$$libinit$$00000021)
    __rt_lib_init_cpp_1                      0x080002b7   Thumb Code     0  libinit2.o(.ARM.Collect$$libinit$$00000032)
    __rt_lib_init_exceptions_1               0x080002b7   Thumb Code     0  libinit2.o(.ARM.Collect$$libinit$$00000030)
    __rt_lib_init_fp_trap_1                  0x080002b7   Thumb Code     0  libinit2.o(.ARM.Collect$$libinit$$0000001F)
    __rt_lib_init_getenv_1                   0x080002b7   Thumb Code     0  libinit2.o(.ARM.Collect$$libinit$$00000023)
    __rt_lib_init_lc_numeric_1               0x080002b7   Thumb Code     0  libinit2.o(.ARM.Collect$$libinit$$00000017)
    __rt_lib_init_lc_time_1                  0x080002b7   Thumb Code     0  libinit2.o(.ARM.Collect$$libinit$$00000019)
    __rt_lib_init_return                     0x080002b7   Thumb Code     0  libinit2.o(.ARM.Collect$$libinit$$00000033)
    __rt_lib_init_signal_1                   0x080002b7   Thumb Code     0  libinit2.o(.ARM.Collect$$libinit$$0000001D)
    __rt_lib_init_stdio_1                    0x080002b7   Thumb Code     0  libinit2.o(.ARM.Collect$$libinit$$00000025)
    __rt_lib_shutdown                        0x080002b9   Thumb Code     0  libshutdown.o(.ARM.Collect$$libshutdown$$00000000)
    __rt_lib_shutdown_cpp_1                  0x080002bb   Thumb Code     0  libshutdown2.o(.ARM.Collect$$libshutdown$$00000002)
    __rt_lib_shutdown_fp_trap_1              0x080002bb   Thumb Code     0  libshutdown2.o(.ARM.Collect$$libshutdown$$00000007)
    __rt_lib_shutdown_heap_1                 0x080002bb   Thumb Code     0  libshutdown2.o(.ARM.Collect$$libshutdown$$0000000F)
    __rt_lib_shutdown_return                 0x080002bb   Thumb Code     0  libshutdown2.o(.ARM.Collect$$libshutdown$$00000010)
    __rt_lib_shutdown_signal_1               0x080002bb   Thumb Code     0  libshutdown2.o(.ARM.Collect$$libshutdown$$0000000A)
    __rt_lib_shutdown_stdio_1                0x080002bb   Thumb Code     0  libshutdown2.o(.ARM.Collect$$libshutdown$$00000004)
    __rt_lib_shutdown_user_alloc_1           0x080002bb   Thumb Code     0  libshutdown2.o(.ARM.Collect$$libshutdown$$0000000C)
    __rt_entry                               0x080002bd   Thumb Code     0  __rtentry.o(.ARM.Collect$$rtentry$$00000000)
    __rt_entry_presh_1                       0x080002bd   Thumb Code     0  __rtentry2.o(.ARM.Collect$$rtentry$$00000002)
    __rt_entry_sh                            0x080002bd   Thumb Code     0  __rtentry4.o(.ARM.Collect$$rtentry$$00000004)
    __rt_entry_li                            0x080002c3   Thumb Code     0  __rtentry2.o(.ARM.Collect$$rtentry$$0000000A)
    __rt_entry_postsh_1                      0x080002c3   Thumb Code     0  __rtentry2.o(.ARM.Collect$$rtentry$$00000009)
    __rt_entry_main                          0x080002c7   Thumb Code     0  __rtentry2.o(.ARM.Collect$$rtentry$$0000000D)
    __rt_entry_postli_1                      0x080002c7   Thumb Code     0  __rtentry2.o(.ARM.Collect$$rtentry$$0000000C)
    __rt_exit                                0x080002cf   Thumb Code     0  rtexit.o(.ARM.Collect$$rtexit$$00000000)
    __rt_exit_ls                             0x080002d1   Thumb Code     0  rtexit2.o(.ARM.Collect$$rtexit$$00000003)
    __rt_exit_prels_1                        0x080002d1   Thumb Code     0  rtexit2.o(.ARM.Collect$$rtexit$$00000002)
    __rt_exit_exit                           0x080002d5   Thumb Code     0  rtexit2.o(.ARM.Collect$$rtexit$$00000004)
    Reset_Handler                            0x080002dd   Thumb Code     8  startup_stm32f40_41xxx.o(.text)
    _maybe_terminate_alloc                   0x080002dd   Thumb Code     0  maybetermalloc1.o(.emb_text)
    ADC_IRQHandler                           0x080002f7   Thumb Code     0  startup_stm32f40_41xxx.o(.text)
    CAN1_RX0_IRQHandler                      0x080002f7   Thumb Code     0  startup_stm32f40_41xxx.o(.text)
    CAN1_RX1_IRQHandler                      0x080002f7   Thumb Code     0  startup_stm32f40_41xxx.o(.text)
    CAN1_SCE_IRQHandler                      0x080002f7   Thumb Code     0  startup_stm32f40_41xxx.o(.text)
    CAN1_TX_IRQHandler                       0x080002f7   Thumb Code     0  startup_stm32f40_41xxx.o(.text)
    CAN2_RX0_IRQHandler                      0x080002f7   Thumb Code     0  startup_stm32f40_41xxx.o(.text)
    CAN2_RX1_IRQHandler                      0x080002f7   Thumb Code     0  startup_stm32f40_41xxx.o(.text)
    CAN2_SCE_IRQHandler                      0x080002f7   Thumb Code     0  startup_stm32f40_41xxx.o(.text)
    CAN2_TX_IRQHandler                       0x080002f7   Thumb Code     0  startup_stm32f40_41xxx.o(.text)
    CRYP_IRQHandler                          0x080002f7   Thumb Code     0  startup_stm32f40_41xxx.o(.text)
    DCMI_IRQHandler                          0x080002f7   Thumb Code     0  startup_stm32f40_41xxx.o(.text)
    DMA1_Stream0_IRQHandler                  0x080002f7   Thumb Code     0  startup_stm32f40_41xxx.o(.text)
    DMA1_Stream1_IRQHandler                  0x080002f7   Thumb Code     0  startup_stm32f40_41xxx.o(.text)
    DMA1_Stream2_IRQHandler                  0x080002f7   Thumb Code     0  startup_stm32f40_41xxx.o(.text)
    DMA1_Stream3_IRQHandler                  0x080002f7   Thumb Code     0  startup_stm32f40_41xxx.o(.text)
    DMA1_Stream4_IRQHandler                  0x080002f7   Thumb Code     0  startup_stm32f40_41xxx.o(.text)
    DMA1_Stream5_IRQHandler                  0x080002f7   Thumb Code     0  startup_stm32f40_41xxx.o(.text)
    DMA1_Stream6_IRQHandler                  0x080002f7   Thumb Code     0  startup_stm32f40_41xxx.o(.text)
    DMA1_Stream7_IRQHandler                  0x080002f7   Thumb Code     0  startup_stm32f40_41xxx.o(.text)
    DMA2_Stream0_IRQHandler                  0x080002f7   Thumb Code     0  startup_stm32f40_41xxx.o(.text)
    DMA2_Stream1_IRQHandler                  0x080002f7   Thumb Code     0  startup_stm32f40_41xxx.o(.text)
    DMA2_Stream2_IRQHandler                  0x080002f7   Thumb Code     0  startup_stm32f40_41xxx.o(.text)
    DMA2_Stream3_IRQHandler                  0x080002f7   Thumb Code     0  startup_stm32f40_41xxx.o(.text)
    DMA2_Stream4_IRQHandler                  0x080002f7   Thumb Code     0  startup_stm32f40_41xxx.o(.text)
    DMA2_Stream5_IRQHandler                  0x080002f7   Thumb Code     0  startup_stm32f40_41xxx.o(.text)
    DMA2_Stream6_IRQHandler                  0x080002f7   Thumb Code     0  startup_stm32f40_41xxx.o(.text)
    DMA2_Stream7_IRQHandler                  0x080002f7   Thumb Code     0  startup_stm32f40_41xxx.o(.text)
    ETH_IRQHandler                           0x080002f7   Thumb Code     0  startup_stm32f40_41xxx.o(.text)
    ETH_WKUP_IRQHandler                      0x080002f7   Thumb Code     0  startup_stm32f40_41xxx.o(.text)
    EXTI0_IRQHandler                         0x080002f7   Thumb Code     0  startup_stm32f40_41xxx.o(.text)
    EXTI15_10_IRQHandler                     0x080002f7   Thumb Code     0  startup_stm32f40_41xxx.o(.text)
    EXTI1_IRQHandler                         0x080002f7   Thumb Code     0  startup_stm32f40_41xxx.o(.text)
    EXTI2_IRQHandler                         0x080002f7   Thumb Code     0  startup_stm32f40_41xxx.o(.text)
    EXTI3_IRQHandler                         0x080002f7   Thumb Code     0  startup_stm32f40_41xxx.o(.text)
    EXTI4_IRQHandler                         0x080002f7   Thumb Code     0  startup_stm32f40_41xxx.o(.text)
    EXTI9_5_IRQHandler                       0x080002f7   Thumb Code     0  startup_stm32f40_41xxx.o(.text)
    FLASH_IRQHandler                         0x080002f7   Thumb Code     0  startup_stm32f40_41xxx.o(.text)
    FPU_IRQHandler                           0x080002f7   Thumb Code     0  startup_stm32f40_41xxx.o(.text)
    FSMC_IRQHandler                          0x080002f7   Thumb Code     0  startup_stm32f40_41xxx.o(.text)
    HASH_RNG_IRQHandler                      0x080002f7   Thumb Code     0  startup_stm32f40_41xxx.o(.text)
    I2C1_ER_IRQHandler                       0x080002f7   Thumb Code     0  startup_stm32f40_41xxx.o(.text)
    I2C1_EV_IRQHandler                       0x080002f7   Thumb Code     0  startup_stm32f40_41xxx.o(.text)
    I2C2_ER_IRQHandler                       0x080002f7   Thumb Code     0  startup_stm32f40_41xxx.o(.text)
    I2C2_EV_IRQHandler                       0x080002f7   Thumb Code     0  startup_stm32f40_41xxx.o(.text)
    I2C3_ER_IRQHandler                       0x080002f7   Thumb Code     0  startup_stm32f40_41xxx.o(.text)
    I2C3_EV_IRQHandler                       0x080002f7   Thumb Code     0  startup_stm32f40_41xxx.o(.text)
    OTG_FS_IRQHandler                        0x080002f7   Thumb Code     0  startup_stm32f40_41xxx.o(.text)
    OTG_FS_WKUP_IRQHandler                   0x080002f7   Thumb Code     0  startup_stm32f40_41xxx.o(.text)
    OTG_HS_EP1_IN_IRQHandler                 0x080002f7   Thumb Code     0  startup_stm32f40_41xxx.o(.text)
    OTG_HS_EP1_OUT_IRQHandler                0x080002f7   Thumb Code     0  startup_stm32f40_41xxx.o(.text)
    OTG_HS_IRQHandler                        0x080002f7   Thumb Code     0  startup_stm32f40_41xxx.o(.text)
    OTG_HS_WKUP_IRQHandler                   0x080002f7   Thumb Code     0  startup_stm32f40_41xxx.o(.text)
    PVD_IRQHandler                           0x080002f7   Thumb Code     0  startup_stm32f40_41xxx.o(.text)
    RCC_IRQHandler                           0x080002f7   Thumb Code     0  startup_stm32f40_41xxx.o(.text)
    RTC_Alarm_IRQHandler                     0x080002f7   Thumb Code     0  startup_stm32f40_41xxx.o(.text)
    RTC_WKUP_IRQHandler                      0x080002f7   Thumb Code     0  startup_stm32f40_41xxx.o(.text)
    SDIO_IRQHandler                          0x080002f7   Thumb Code     0  startup_stm32f40_41xxx.o(.text)
    SPI1_IRQHandler                          0x080002f7   Thumb Code     0  startup_stm32f40_41xxx.o(.text)
    SPI2_IRQHandler                          0x080002f7   Thumb Code     0  startup_stm32f40_41xxx.o(.text)
    SPI3_IRQHandler                          0x080002f7   Thumb Code     0  startup_stm32f40_41xxx.o(.text)
    TAMP_STAMP_IRQHandler                    0x080002f7   Thumb Code     0  startup_stm32f40_41xxx.o(.text)
    TIM1_BRK_TIM9_IRQHandler                 0x080002f7   Thumb Code     0  startup_stm32f40_41xxx.o(.text)
    TIM1_CC_IRQHandler                       0x080002f7   Thumb Code     0  startup_stm32f40_41xxx.o(.text)
    TIM1_TRG_COM_TIM11_IRQHandler            0x080002f7   Thumb Code     0  startup_stm32f40_41xxx.o(.text)
    TIM1_UP_TIM10_IRQHandler                 0x080002f7   Thumb Code     0  startup_stm32f40_41xxx.o(.text)
    TIM2_IRQHandler                          0x080002f7   Thumb Code     0  startup_stm32f40_41xxx.o(.text)
    TIM3_IRQHandler                          0x080002f7   Thumb Code     0  startup_stm32f40_41xxx.o(.text)
    TIM4_IRQHandler                          0x080002f7   Thumb Code     0  startup_stm32f40_41xxx.o(.text)
    TIM5_IRQHandler                          0x080002f7   Thumb Code     0  startup_stm32f40_41xxx.o(.text)
    TIM6_DAC_IRQHandler                      0x080002f7   Thumb Code     0  startup_stm32f40_41xxx.o(.text)
    TIM7_IRQHandler                          0x080002f7   Thumb Code     0  startup_stm32f40_41xxx.o(.text)
    TIM8_BRK_TIM12_IRQHandler                0x080002f7   Thumb Code     0  startup_stm32f40_41xxx.o(.text)
    TIM8_CC_IRQHandler                       0x080002f7   Thumb Code     0  startup_stm32f40_41xxx.o(.text)
    TIM8_TRG_COM_TIM14_IRQHandler            0x080002f7   Thumb Code     0  startup_stm32f40_41xxx.o(.text)
    TIM8_UP_TIM13_IRQHandler                 0x080002f7   Thumb Code     0  startup_stm32f40_41xxx.o(.text)
    UART4_IRQHandler                         0x080002f7   Thumb Code     0  startup_stm32f40_41xxx.o(.text)
    UART5_IRQHandler                         0x080002f7   Thumb Code     0  startup_stm32f40_41xxx.o(.text)
    USART6_IRQHandler                        0x080002f7   Thumb Code     0  startup_stm32f40_41xxx.o(.text)
    WWDG_IRQHandler                          0x080002f7   Thumb Code     0  startup_stm32f40_41xxx.o(.text)
    __user_initial_stackheap                 0x080002f9   Thumb Code     0  startup_stm32f40_41xxx.o(.text)
    __use_no_semihosting                     0x0800031d   Thumb Code     2  use_no_semi_2.o(.text)
    malloc                                   0x0800031f   Thumb Code    94  h1_alloc.o(.text)
    free                                     0x0800037d   Thumb Code    78  h1_free.o(.text)
    vsprintf                                 0x080003cd   Thumb Code    32  vsprintf.o(.text)
    strlen                                   0x080003f1   Thumb Code    62  strlen.o(.text)
    __use_two_region_memory                  0x0800042f   Thumb Code     2  heapauxi.o(.text)
    __rt_heap_escrow                         0x08000431   Thumb Code     2  heapauxi.o(.text)
    __rt_heap_expand                         0x08000433   Thumb Code     2  heapauxi.o(.text)
    __I$use$semihosting                      0x08000435   Thumb Code     0  use_no_semi.o(.text)
    __use_no_semihosting_swi                 0x08000435   Thumb Code     2  use_no_semi.o(.text)
    __rt_heap_descriptor                     0x08000439   Thumb Code     8  rt_heap_descriptor_intlibspace.o(.text)
    __use_no_heap                            0x08000441   Thumb Code     2  hguard.o(.text)
    __heap$guard                             0x08000443   Thumb Code     2  hguard.o(.text)
    _terminate_user_alloc                    0x08000445   Thumb Code     2  init_alloc.o(.text)
    _init_user_alloc                         0x08000447   Thumb Code     2  init_alloc.o(.text)
    __Heap_Full                              0x08000449   Thumb Code    34  init_alloc.o(.text)
    __Heap_Broken                            0x0800046b   Thumb Code     6  init_alloc.o(.text)
    _init_alloc                              0x08000471   Thumb Code    94  init_alloc.o(.text)
    __Heap_Initialize                        0x080004cf   Thumb Code    10  h1_init.o(.text)
    __Heap_DescSize                          0x080004d9   Thumb Code     4  h1_init.o(.text)
    _printf_pre_padding                      0x080004dd   Thumb Code    44  _printf_pad.o(.text)
    _printf_post_padding                     0x08000509   Thumb Code    34  _printf_pad.o(.text)
    _printf_truncate_signed                  0x0800052b   Thumb Code    18  _printf_truncate.o(.text)
    _printf_truncate_unsigned                0x0800053d   Thumb Code    18  _printf_truncate.o(.text)
    _printf_str                              0x0800054f   Thumb Code    82  _printf_str.o(.text)
    _printf_int_dec                          0x080005a1   Thumb Code   104  _printf_dec.o(.text)
    _printf_charcount                        0x08000619   Thumb Code    40  _printf_charcount.o(.text)
    _printf_char_common                      0x0800064b   Thumb Code    32  _printf_char_common.o(.text)
    _sputc                                   0x08000671   Thumb Code    10  _sputc.o(.text)
    _printf_wctomb                           0x0800067d   Thumb Code   182  _printf_wctomb.o(.text)
    _printf_longlong_dec                     0x08000739   Thumb Code   108  _printf_longlong_dec.o(.text)
    _printf_longlong_oct                     0x080007b5   Thumb Code    66  _printf_oct_int_ll.o(.text)
    _printf_int_oct                          0x080007f7   Thumb Code    24  _printf_oct_int_ll.o(.text)
    _printf_ll_oct                           0x0800080f   Thumb Code    12  _printf_oct_int_ll.o(.text)
    _printf_longlong_hex                     0x08000825   Thumb Code    86  _printf_hex_int_ll_ptr.o(.text)
    _printf_int_hex                          0x0800087b   Thumb Code    28  _printf_hex_int_ll_ptr.o(.text)
    _printf_ll_hex                           0x08000897   Thumb Code    12  _printf_hex_int_ll_ptr.o(.text)
    _printf_hex_ptr                          0x080008a3   Thumb Code    18  _printf_hex_int_ll_ptr.o(.text)
    __printf                                 0x080008b9   Thumb Code   388  __printf_flags_ss_wp.o(.text)
    __user_libspace                          0x08000a41   Thumb Code     8  libspace.o(.text)
    __user_perproc_libspace                  0x08000a41   Thumb Code     0  libspace.o(.text)
    __user_perthread_libspace                0x08000a41   Thumb Code     0  libspace.o(.text)
    __Heap_ProvideMemory                     0x08000a49   Thumb Code    52  h1_extend.o(.text)
    _ll_udiv10                               0x08000a7d   Thumb Code   138  lludiv10.o(.text)
    _printf_int_common                       0x08000b07   Thumb Code   178  _printf_intcommon.o(.text)
    __lib_sel_fp_printf                      0x08000bb9   Thumb Code     2  _printf_fp_dec.o(.text)
    _printf_fp_dec_real                      0x08000d6b   Thumb Code   620  _printf_fp_dec.o(.text)
    _printf_fp_hex_real                      0x08000fd9   Thumb Code   756  _printf_fp_hex.o(.text)
    _printf_cs_common                        0x080012d5   Thumb Code    20  _printf_char.o(.text)
    _printf_char                             0x080012e9   Thumb Code    16  _printf_char.o(.text)
    _printf_string                           0x080012f9   Thumb Code     8  _printf_char.o(.text)
    _printf_lcs_common                       0x08001301   Thumb Code    20  _printf_wchar.o(.text)
    _printf_wchar                            0x08001315   Thumb Code    16  _printf_wchar.o(.text)
    _printf_wstring                          0x08001325   Thumb Code     8  _printf_wchar.o(.text)
    _wcrtomb                                 0x0800132d   Thumb Code    64  _wcrtomb.o(.text)
    __rt_SIGRTMEM                            0x0800136d   Thumb Code    14  defsig_rtmem_outer.o(.text)
    __user_setup_stackheap                   0x0800137b   Thumb Code    74  sys_stackheap_outer.o(.text)
    __rt_ctype_table                         0x080013c5   Thumb Code    16  rt_ctype_table.o(.text)
    __rt_locale                              0x080013d5   Thumb Code     8  rt_locale_intlibspace.o(.text)
    _printf_fp_infnan                        0x080013dd   Thumb Code   112  _printf_fp_infnan.o(.text)
    _btod_etento                             0x0800145d   Thumb Code   224  bigflt0.o(.text)
    exit                                     0x08001541   Thumb Code    18  exit.o(.text)
    __sig_exit                               0x08001553   Thumb Code    10  defsig_exit.o(.text)
    __rt_SIGRTMEM_inner                      0x0800155d   Thumb Code    22  defsig_rtmem_inner.o(.text)
    __default_signal_display                 0x080015ad   Thumb Code    50  defsig_general.o(.text)
    strcmp                                   0x080015e1   Thumb Code   128  strcmpv7m.o(.text)
    _btod_d2e                                0x08001661   Thumb Code    62  btod.o(CL$$btod_d2e)
    _d2e_denorm_low                          0x0800169f   Thumb Code    70  btod.o(CL$$btod_d2e_denorm_low)
    _d2e_norm_op1                            0x080016e5   Thumb Code    96  btod.o(CL$$btod_d2e_norm_op1)
    __btod_div_common                        0x08001745   Thumb Code   696  btod.o(CL$$btod_div_common)
    _e2e                                     0x08001a7d   Thumb Code   220  btod.o(CL$$btod_e2e)
    _btod_ediv                               0x08001b59   Thumb Code    42  btod.o(CL$$btod_ediv)
    _btod_emul                               0x08001b83   Thumb Code    42  btod.o(CL$$btod_emul)
    __btod_mult_common                       0x08001bad   Thumb Code   580  btod.o(CL$$btod_mult_common)
    BusFault_Handler                         0x08001df1   Thumb Code     4  stm32f4xx_it.o(i.BusFault_Handler)
    DebugMon_Handler                         0x08001df5   Thumb Code     2  stm32f4xx_it.o(i.DebugMon_Handler)
    GPIO_Init                                0x08001df7   Thumb Code   144  stm32f4xx_gpio.o(i.GPIO_Init)
    GPIO_PinAFConfig                         0x08001e87   Thumb Code    70  stm32f4xx_gpio.o(i.GPIO_PinAFConfig)
    GPIO_SetBits                             0x08001ecd   Thumb Code     4  stm32f4xx_gpio.o(i.GPIO_SetBits)
    HardFault_Handler                        0x08001ed1   Thumb Code     4  stm32f4xx_it.o(i.HardFault_Handler)
    LED_Init                                 0x08001ed5   Thumb Code    60  led.o(i.LED_Init)
    MemManage_Handler                        0x08001f15   Thumb Code     4  stm32f4xx_it.o(i.MemManage_Handler)
    NMI_Handler                              0x08001f19   Thumb Code     2  stm32f4xx_it.o(i.NMI_Handler)
    NVIC_Init                                0x08001f1d   Thumb Code   106  misc.o(i.NVIC_Init)
    NVIC_PriorityGroupConfig                 0x08001f95   Thumb Code    10  misc.o(i.NVIC_PriorityGroupConfig)
    PendSV_Handler                           0x08001fa9   Thumb Code     2  stm32f4xx_it.o(i.PendSV_Handler)
    RCC_AHB1PeriphClockCmd                   0x08001fad   Thumb Code    26  stm32f4xx_rcc.o(i.RCC_AHB1PeriphClockCmd)
    RCC_APB2PeriphClockCmd                   0x08001fcd   Thumb Code    26  stm32f4xx_rcc.o(i.RCC_APB2PeriphClockCmd)
    RCC_GetClocksFreq                        0x08001fed   Thumb Code   214  stm32f4xx_rcc.o(i.RCC_GetClocksFreq)
    SVC_Handler                              0x080020d5   Thumb Code     2  stm32f4xx_it.o(i.SVC_Handler)
    SendChar                                 0x080020d9   Thumb Code    28  usart.o(i.SendChar)
    SendString                               0x080020f9   Thumb Code    22  usart.o(i.SendString)
    Send_Data                                0x08002111   Thumb Code    94  usart.o(i.Send_Data)
    SysTick_CLKSourceConfig                  0x08002261   Thumb Code    40  misc.o(i.SysTick_CLKSourceConfig)
    SysTick_Handler                          0x08002289   Thumb Code     2  stm32f4xx_it.o(i.SysTick_Handler)
    SystemInit                               0x0800228d   Thumb Code    88  system_stm32f4xx.o(i.SystemInit)
    TIM_Cmd                                  0x080022f5   Thumb Code    24  stm32f4xx_tim.o(i.TIM_Cmd)
    TIM_SetCounter                           0x0800230d   Thumb Code     4  stm32f4xx_tim.o(i.TIM_SetCounter)
    USART1_IRQHandler                        0x08002311   Thumb Code   122  usart.o(i.USART1_IRQHandler)
    USART2_IRQHandler                        0x08002399   Thumb Code    74  usart.o(i.USART2_IRQHandler)
    USART3_IRQHandler                        0x080023f1   Thumb Code    94  usart.o(i.USART3_IRQHandler)
    USART_Cmd                                0x08002461   Thumb Code    24  stm32f4xx_usart_1.o(i.USART_Cmd)
    USART_GetFlagStatus                      0x08002479   Thumb Code    26  stm32f4xx_usart_1.o(i.USART_GetFlagStatus)
    USART_GetITStatus                        0x08002493   Thumb Code    84  stm32f4xx_usart_1.o(i.USART_GetITStatus)
    USART_ITConfig                           0x080024e7   Thumb Code    74  stm32f4xx_usart_1.o(i.USART_ITConfig)
    USART_Init                               0x08002531   Thumb Code   204  stm32f4xx_usart_1.o(i.USART_Init)
    USART_ReceiveData                        0x08002605   Thumb Code    10  stm32f4xx_usart_1.o(i.USART_ReceiveData)
    USART_SendData                           0x0800260f   Thumb Code     8  stm32f4xx_usart_1.o(i.USART_SendData)
    UsageFault_Handler                       0x08002617   Thumb Code     4  stm32f4xx_it.o(i.UsageFault_Handler)
    __ARM_fpclassify                         0x0800261b   Thumb Code    48  fpclassify.o(i.__ARM_fpclassify)
    _is_digit                                0x0800264b   Thumb Code    14  __printf_wp.o(i._is_digit)
    _sys_exit                                0x08002659   Thumb Code     4  usart.o(i._sys_exit)
    _ttywrch                                 0x0800265d   Thumb Code     4  usart.o(i._ttywrch)
    delay_init                               0x08002661   Thumb Code    52  delay.o(i.delay_init)
    main                                     0x0800269d   Thumb Code    62  main.o(i.main)
    uart_init                                0x080026e5   Thumb Code   164  usart.o(i.uart_init)
    _get_lc_numeric                          0x08002791   Thumb Code    44  lc_numeric_c.o(locale$$code)
    _get_lc_ctype                            0x080027bd   Thumb Code    44  lc_ctype_c.o(locale$$code)
    __fpl_dretinf                            0x080027e9   Thumb Code    12  dretinf.o(x$fpl$dretinf)
    __aeabi_f2d                              0x080027f5   Thumb Code     0  f2d.o(x$fpl$f2d)
    _f2d                                     0x080027f5   Thumb Code    86  f2d.o(x$fpl$f2d)
    __fpl_fnaninf                            0x0800284b   Thumb Code   140  fnaninf.o(x$fpl$fnaninf)
    _fp_init                                 0x080028d7   Thumb Code    10  fpinit.o(x$fpl$fpinit)
    __fplib_config_fpu_vfp                   0x080028df   Thumb Code     0  fpinit.o(x$fpl$fpinit)
    __fplib_config_pureend_doubles           0x080028df   Thumb Code     0  fpinit.o(x$fpl$fpinit)
    _printf_fp_dec                           0x080028e1   Thumb Code     4  printf1.o(x$fpl$printf1)
    _printf_fp_hex                           0x080028e5   Thumb Code     4  printf2.o(x$fpl$printf2)
    __I$use$fp                               0x080028e8   Number         0  usenofp.o(x$fpl$usenofp)
    Region$$Table$$Base                      0x080029e4   Number         0  anon$$obj.o(Region$$Table)
    Region$$Table$$Limit                     0x08002a04   Number         0  anon$$obj.o(Region$$Table)
    __ctype                                  0x08002a2d   Data           0  lc_ctype_c.o(locale$$data)
    RX_Value                                 0x20000004   Data           4  usart.o(.data)
    state                                    0x20000008   Data           4  usart.o(.data)
    __stdout                                 0x2000000c   Data           4  usart.o(.data)
    USART_RX_STA                             0x20000010   Data           2  usart.o(.data)
    USART3_RX_STA                            0x20000012   Data           2  usart.o(.data)
    send_str                                 0x20000028   Data         256  usart.o(.bss)
    USART3_TX_BUF                            0x20000128   Data         200  usart.o(.bss)
    USART3_RX_BUF                            0x200001f0   Data         200  usart.o(.bss)
    DataScope_OutPut_Buffer                  0x200002b8   Data          42  usart.o(.bss)
    pstr                                     0x200002e2   Data          13  usart.o(.bss)
    USART_RX_BUF                             0x200002ef   Data         200  usart.o(.bss)
    __libspace_start                         0x200003b8   Data          96  libspace.o(.bss)
    __temporary_stack_top$libspace           0x20000418   Data           0  libspace.o(.bss)



==============================================================================

Memory Map of the image

  Image Entry point : 0x08000189

  Load Region LR_IROM1 (Base: 0x08000000, Size: 0x00002b54, Max: 0x00100000, ABSOLUTE)

    Execution Region ER_IROM1 (Exec base: 0x08000000, Load base: 0x08000000, Size: 0x00002b30, Max: 0x00100000, ABSOLUTE)

    Exec Addr    Load Addr    Size         Type   Attr      Idx    E Section Name        Object

    0x08000000   0x08000000   0x00000188   Data   RO         1220    RESET               startup_stm32f40_41xxx.o
    0x08000188   0x08000188   0x00000008   Code   RO         2017  * !!!main             c_w.l(__main.o)
    0x08000190   0x08000190   0x00000034   Code   RO         2386    !!!scatter          c_w.l(__scatter.o)
    0x080001c4   0x080001c4   0x0000001a   Code   RO         2388    !!handler_copy      c_w.l(__scatter_copy.o)
    0x080001de   0x080001de   0x00000002   PAD
    0x080001e0   0x080001e0   0x0000001c   Code   RO         2390    !!handler_zi        c_w.l(__scatter_zi.o)
    0x080001fc   0x080001fc   0x00000000   Code   RO         2132    .ARM.Collect$$_printf_percent$$00000000  c_w.l(_printf_percent.o)
    0x080001fc   0x080001fc   0x00000006   Code   RO         2121    .ARM.Collect$$_printf_percent$$00000001  c_w.l(_printf_n.o)
    0x08000202   0x08000202   0x00000006   Code   RO         2123    .ARM.Collect$$_printf_percent$$00000002  c_w.l(_printf_p.o)
    0x08000208   0x08000208   0x00000006   Code   RO         2128    .ARM.Collect$$_printf_percent$$00000003  c_w.l(_printf_f.o)
    0x0800020e   0x0800020e   0x00000006   Code   RO         2129    .ARM.Collect$$_printf_percent$$00000004  c_w.l(_printf_e.o)
    0x08000214   0x08000214   0x00000006   Code   RO         2130    .ARM.Collect$$_printf_percent$$00000005  c_w.l(_printf_g.o)
    0x0800021a   0x0800021a   0x00000006   Code   RO         2131    .ARM.Collect$$_printf_percent$$00000006  c_w.l(_printf_a.o)
    0x08000220   0x08000220   0x0000000a   Code   RO         2136    .ARM.Collect$$_printf_percent$$00000007  c_w.l(_printf_ll.o)
    0x0800022a   0x0800022a   0x00000006   Code   RO         2125    .ARM.Collect$$_printf_percent$$00000008  c_w.l(_printf_i.o)
    0x08000230   0x08000230   0x00000006   Code   RO         2126    .ARM.Collect$$_printf_percent$$00000009  c_w.l(_printf_d.o)
    0x08000236   0x08000236   0x00000006   Code   RO         2127    .ARM.Collect$$_printf_percent$$0000000A  c_w.l(_printf_u.o)
    0x0800023c   0x0800023c   0x00000006   Code   RO         2124    .ARM.Collect$$_printf_percent$$0000000B  c_w.l(_printf_o.o)
    0x08000242   0x08000242   0x00000006   Code   RO         2122    .ARM.Collect$$_printf_percent$$0000000C  c_w.l(_printf_x.o)
    0x08000248   0x08000248   0x00000006   Code   RO         2133    .ARM.Collect$$_printf_percent$$0000000D  c_w.l(_printf_lli.o)
    0x0800024e   0x0800024e   0x00000006   Code   RO         2134    .ARM.Collect$$_printf_percent$$0000000E  c_w.l(_printf_lld.o)
    0x08000254   0x08000254   0x00000006   Code   RO         2135    .ARM.Collect$$_printf_percent$$0000000F  c_w.l(_printf_llu.o)
    0x0800025a   0x0800025a   0x00000006   Code   RO         2140    .ARM.Collect$$_printf_percent$$00000010  c_w.l(_printf_llo.o)
    0x08000260   0x08000260   0x00000006   Code   RO         2141    .ARM.Collect$$_printf_percent$$00000011  c_w.l(_printf_llx.o)
    0x08000266   0x08000266   0x0000000a   Code   RO         2137    .ARM.Collect$$_printf_percent$$00000012  c_w.l(_printf_l.o)
    0x08000270   0x08000270   0x00000006   Code   RO         2119    .ARM.Collect$$_printf_percent$$00000013  c_w.l(_printf_c.o)
    0x08000276   0x08000276   0x00000006   Code   RO         2120    .ARM.Collect$$_printf_percent$$00000014  c_w.l(_printf_s.o)
    0x0800027c   0x0800027c   0x00000006   Code   RO         2138    .ARM.Collect$$_printf_percent$$00000015  c_w.l(_printf_lc.o)
    0x08000282   0x08000282   0x00000006   Code   RO         2139    .ARM.Collect$$_printf_percent$$00000016  c_w.l(_printf_ls.o)
    0x08000288   0x08000288   0x00000004   Code   RO         2247    .ARM.Collect$$_printf_percent$$00000017  c_w.l(_printf_percent_end.o)
    0x0800028c   0x0800028c   0x00000002   Code   RO         2320    .ARM.Collect$$libinit$$00000000  c_w.l(libinit.o)
    0x0800028e   0x0800028e   0x00000004   Code   RO         2146    .ARM.Collect$$libinit$$00000001  c_w.l(libinit2.o)
    0x08000292   0x08000292   0x00000000   Code   RO         2149    .ARM.Collect$$libinit$$00000004  c_w.l(libinit2.o)
    0x08000292   0x08000292   0x00000008   Code   RO         2150    .ARM.Collect$$libinit$$00000005  c_w.l(libinit2.o)
    0x0800029a   0x0800029a   0x00000000   Code   RO         2152    .ARM.Collect$$libinit$$0000000A  c_w.l(libinit2.o)
    0x0800029a   0x0800029a   0x00000000   Code   RO         2154    .ARM.Collect$$libinit$$0000000C  c_w.l(libinit2.o)
    0x0800029a   0x0800029a   0x00000000   Code   RO         2156    .ARM.Collect$$libinit$$0000000E  c_w.l(libinit2.o)
    0x0800029a   0x0800029a   0x00000006   Code   RO         2157    .ARM.Collect$$libinit$$0000000F  c_w.l(libinit2.o)
    0x080002a0   0x080002a0   0x00000000   Code   RO         2159    .ARM.Collect$$libinit$$00000011  c_w.l(libinit2.o)
    0x080002a0   0x080002a0   0x0000000c   Code   RO         2160    .ARM.Collect$$libinit$$00000012  c_w.l(libinit2.o)
    0x080002ac   0x080002ac   0x00000000   Code   RO         2161    .ARM.Collect$$libinit$$00000013  c_w.l(libinit2.o)
    0x080002ac   0x080002ac   0x00000000   Code   RO         2163    .ARM.Collect$$libinit$$00000015  c_w.l(libinit2.o)
    0x080002ac   0x080002ac   0x0000000a   Code   RO         2164    .ARM.Collect$$libinit$$00000016  c_w.l(libinit2.o)
    0x080002b6   0x080002b6   0x00000000   Code   RO         2165    .ARM.Collect$$libinit$$00000017  c_w.l(libinit2.o)
    0x080002b6   0x080002b6   0x00000000   Code   RO         2167    .ARM.Collect$$libinit$$00000019  c_w.l(libinit2.o)
    0x080002b6   0x080002b6   0x00000000   Code   RO         2169    .ARM.Collect$$libinit$$0000001B  c_w.l(libinit2.o)
    0x080002b6   0x080002b6   0x00000000   Code   RO         2171    .ARM.Collect$$libinit$$0000001D  c_w.l(libinit2.o)
    0x080002b6   0x080002b6   0x00000000   Code   RO         2173    .ARM.Collect$$libinit$$0000001F  c_w.l(libinit2.o)
    0x080002b6   0x080002b6   0x00000000   Code   RO         2175    .ARM.Collect$$libinit$$00000021  c_w.l(libinit2.o)
    0x080002b6   0x080002b6   0x00000000   Code   RO         2177    .ARM.Collect$$libinit$$00000023  c_w.l(libinit2.o)
    0x080002b6   0x080002b6   0x00000000   Code   RO         2179    .ARM.Collect$$libinit$$00000025  c_w.l(libinit2.o)
    0x080002b6   0x080002b6   0x00000000   Code   RO         2183    .ARM.Collect$$libinit$$0000002C  c_w.l(libinit2.o)
    0x080002b6   0x080002b6   0x00000000   Code   RO         2185    .ARM.Collect$$libinit$$0000002E  c_w.l(libinit2.o)
    0x080002b6   0x080002b6   0x00000000   Code   RO         2187    .ARM.Collect$$libinit$$00000030  c_w.l(libinit2.o)
    0x080002b6   0x080002b6   0x00000000   Code   RO         2189    .ARM.Collect$$libinit$$00000032  c_w.l(libinit2.o)
    0x080002b6   0x080002b6   0x00000002   Code   RO         2190    .ARM.Collect$$libinit$$00000033  c_w.l(libinit2.o)
    0x080002b8   0x080002b8   0x00000002   Code   RO         2383    .ARM.Collect$$libshutdown$$00000000  c_w.l(libshutdown.o)
    0x080002ba   0x080002ba   0x00000000   Code   RO         2341    .ARM.Collect$$libshutdown$$00000002  c_w.l(libshutdown2.o)
    0x080002ba   0x080002ba   0x00000000   Code   RO         2343    .ARM.Collect$$libshutdown$$00000004  c_w.l(libshutdown2.o)
    0x080002ba   0x080002ba   0x00000000   Code   RO         2346    .ARM.Collect$$libshutdown$$00000007  c_w.l(libshutdown2.o)
    0x080002ba   0x080002ba   0x00000000   Code   RO         2349    .ARM.Collect$$libshutdown$$0000000A  c_w.l(libshutdown2.o)
    0x080002ba   0x080002ba   0x00000000   Code   RO         2351    .ARM.Collect$$libshutdown$$0000000C  c_w.l(libshutdown2.o)
    0x080002ba   0x080002ba   0x00000000   Code   RO         2354    .ARM.Collect$$libshutdown$$0000000F  c_w.l(libshutdown2.o)
    0x080002ba   0x080002ba   0x00000002   Code   RO         2355    .ARM.Collect$$libshutdown$$00000010  c_w.l(libshutdown2.o)
    0x080002bc   0x080002bc   0x00000000   Code   RO         2025    .ARM.Collect$$rtentry$$00000000  c_w.l(__rtentry.o)
    0x080002bc   0x080002bc   0x00000000   Code   RO         2210    .ARM.Collect$$rtentry$$00000002  c_w.l(__rtentry2.o)
    0x080002bc   0x080002bc   0x00000006   Code   RO         2222    .ARM.Collect$$rtentry$$00000004  c_w.l(__rtentry4.o)
    0x080002c2   0x080002c2   0x00000000   Code   RO         2212    .ARM.Collect$$rtentry$$00000009  c_w.l(__rtentry2.o)
    0x080002c2   0x080002c2   0x00000004   Code   RO         2213    .ARM.Collect$$rtentry$$0000000A  c_w.l(__rtentry2.o)
    0x080002c6   0x080002c6   0x00000000   Code   RO         2215    .ARM.Collect$$rtentry$$0000000C  c_w.l(__rtentry2.o)
    0x080002c6   0x080002c6   0x00000008   Code   RO         2216    .ARM.Collect$$rtentry$$0000000D  c_w.l(__rtentry2.o)
    0x080002ce   0x080002ce   0x00000002   Code   RO         2325    .ARM.Collect$$rtexit$$00000000  c_w.l(rtexit.o)
    0x080002d0   0x080002d0   0x00000000   Code   RO         2357    .ARM.Collect$$rtexit$$00000002  c_w.l(rtexit2.o)
    0x080002d0   0x080002d0   0x00000004   Code   RO         2358    .ARM.Collect$$rtexit$$00000003  c_w.l(rtexit2.o)
    0x080002d4   0x080002d4   0x00000006   Code   RO         2359    .ARM.Collect$$rtexit$$00000004  c_w.l(rtexit2.o)
    0x080002da   0x080002da   0x00000002   PAD
    0x080002dc   0x080002dc   0x00000000   Code   RO         2226    .emb_text           c_w.l(maybetermalloc1.o)
    0x080002dc   0x080002dc   0x00000040   Code   RO         1221    .text               startup_stm32f40_41xxx.o
    0x0800031c   0x0800031c   0x00000002   Code   RO         1947    .text               c_w.l(use_no_semi_2.o)
    0x0800031e   0x0800031e   0x0000005e   Code   RO         1953    .text               c_w.l(h1_alloc.o)
    0x0800037c   0x0800037c   0x0000004e   Code   RO         1955    .text               c_w.l(h1_free.o)
    0x080003ca   0x080003ca   0x00000002   PAD
    0x080003cc   0x080003cc   0x00000024   Code   RO         2011    .text               c_w.l(vsprintf.o)
    0x080003f0   0x080003f0   0x0000003e   Code   RO         2013    .text               c_w.l(strlen.o)
    0x0800042e   0x0800042e   0x00000006   Code   RO         2015    .text               c_w.l(heapauxi.o)
    0x08000434   0x08000434   0x00000002   Code   RO         2021    .text               c_w.l(use_no_semi.o)
    0x08000436   0x08000436   0x00000002   PAD
    0x08000438   0x08000438   0x00000008   Code   RO         2029    .text               c_w.l(rt_heap_descriptor_intlibspace.o)
    0x08000440   0x08000440   0x00000004   Code   RO         2031    .text               c_w.l(hguard.o)
    0x08000444   0x08000444   0x0000008a   Code   RO         2033    .text               c_w.l(init_alloc.o)
    0x080004ce   0x080004ce   0x0000000e   Code   RO         2037    .text               c_w.l(h1_init.o)
    0x080004dc   0x080004dc   0x0000004e   Code   RO         2053    .text               c_w.l(_printf_pad.o)
    0x0800052a   0x0800052a   0x00000024   Code   RO         2055    .text               c_w.l(_printf_truncate.o)
    0x0800054e   0x0800054e   0x00000052   Code   RO         2057    .text               c_w.l(_printf_str.o)
    0x080005a0   0x080005a0   0x00000078   Code   RO         2059    .text               c_w.l(_printf_dec.o)
    0x08000618   0x08000618   0x00000028   Code   RO         2061    .text               c_w.l(_printf_charcount.o)
    0x08000640   0x08000640   0x00000030   Code   RO         2063    .text               c_w.l(_printf_char_common.o)
    0x08000670   0x08000670   0x0000000a   Code   RO         2065    .text               c_w.l(_sputc.o)
    0x0800067a   0x0800067a   0x00000002   PAD
    0x0800067c   0x0800067c   0x000000bc   Code   RO         2067    .text               c_w.l(_printf_wctomb.o)
    0x08000738   0x08000738   0x0000007c   Code   RO         2070    .text               c_w.l(_printf_longlong_dec.o)
    0x080007b4   0x080007b4   0x00000070   Code   RO         2076    .text               c_w.l(_printf_oct_int_ll.o)
    0x08000824   0x08000824   0x00000094   Code   RO         2096    .text               c_w.l(_printf_hex_int_ll_ptr.o)
    0x080008b8   0x080008b8   0x00000188   Code   RO         2116    .text               c_w.l(__printf_flags_ss_wp.o)
    0x08000a40   0x08000a40   0x00000008   Code   RO         2206    .text               c_w.l(libspace.o)
    0x08000a48   0x08000a48   0x00000034   Code   RO         2228    .text               c_w.l(h1_extend.o)
    0x08000a7c   0x08000a7c   0x0000008a   Code   RO         2232    .text               c_w.l(lludiv10.o)
    0x08000b06   0x08000b06   0x000000b2   Code   RO         2234    .text               c_w.l(_printf_intcommon.o)
    0x08000bb8   0x08000bb8   0x0000041e   Code   RO         2236    .text               c_w.l(_printf_fp_dec.o)
    0x08000fd6   0x08000fd6   0x00000002   PAD
    0x08000fd8   0x08000fd8   0x000002fc   Code   RO         2238    .text               c_w.l(_printf_fp_hex.o)
    0x080012d4   0x080012d4   0x0000002c   Code   RO         2243    .text               c_w.l(_printf_char.o)
    0x08001300   0x08001300   0x0000002c   Code   RO         2245    .text               c_w.l(_printf_wchar.o)
    0x0800132c   0x0800132c   0x00000040   Code   RO         2248    .text               c_w.l(_wcrtomb.o)
    0x0800136c   0x0800136c   0x0000000e   Code   RO         2250    .text               c_w.l(defsig_rtmem_outer.o)
    0x0800137a   0x0800137a   0x0000004a   Code   RO         2262    .text               c_w.l(sys_stackheap_outer.o)
    0x080013c4   0x080013c4   0x00000010   Code   RO         2264    .text               c_w.l(rt_ctype_table.o)
    0x080013d4   0x080013d4   0x00000008   Code   RO         2271    .text               c_w.l(rt_locale_intlibspace.o)
    0x080013dc   0x080013dc   0x00000080   Code   RO         2275    .text               c_w.l(_printf_fp_infnan.o)
    0x0800145c   0x0800145c   0x000000e4   Code   RO         2277    .text               c_w.l(bigflt0.o)
    0x08001540   0x08001540   0x00000012   Code   RO         2305    .text               c_w.l(exit.o)
    0x08001552   0x08001552   0x0000000a   Code   RO         2307    .text               c_w.l(defsig_exit.o)
    0x0800155c   0x0800155c   0x00000050   Code   RO         2309    .text               c_w.l(defsig_rtmem_inner.o)
    0x080015ac   0x080015ac   0x00000032   Code   RO         2336    .text               c_w.l(defsig_general.o)
    0x080015de   0x080015de   0x00000002   PAD
    0x080015e0   0x080015e0   0x00000080   Code   RO         2338    .text               c_w.l(strcmpv7m.o)
    0x08001660   0x08001660   0x0000003e   Code   RO         2280    CL$$btod_d2e        c_w.l(btod.o)
    0x0800169e   0x0800169e   0x00000046   Code   RO         2282    CL$$btod_d2e_denorm_low  c_w.l(btod.o)
    0x080016e4   0x080016e4   0x00000060   Code   RO         2281    CL$$btod_d2e_norm_op1  c_w.l(btod.o)
    0x08001744   0x08001744   0x00000338   Code   RO         2290    CL$$btod_div_common  c_w.l(btod.o)
    0x08001a7c   0x08001a7c   0x000000dc   Code   RO         2287    CL$$btod_e2e        c_w.l(btod.o)
    0x08001b58   0x08001b58   0x0000002a   Code   RO         2284    CL$$btod_ediv       c_w.l(btod.o)
    0x08001b82   0x08001b82   0x0000002a   Code   RO         2283    CL$$btod_emul       c_w.l(btod.o)
    0x08001bac   0x08001bac   0x00000244   Code   RO         2289    CL$$btod_mult_common  c_w.l(btod.o)
    0x08001df0   0x08001df0   0x00000004   Code   RO          153    i.BusFault_Handler  stm32f4xx_it.o
    0x08001df4   0x08001df4   0x00000002   Code   RO          154    i.DebugMon_Handler  stm32f4xx_it.o
    0x08001df6   0x08001df6   0x00000090   Code   RO         1272    i.GPIO_Init         stm32f4xx_gpio.o
    0x08001e86   0x08001e86   0x00000046   Code   RO         1273    i.GPIO_PinAFConfig  stm32f4xx_gpio.o
    0x08001ecc   0x08001ecc   0x00000004   Code   RO         1280    i.GPIO_SetBits      stm32f4xx_gpio.o
    0x08001ed0   0x08001ed0   0x00000004   Code   RO          155    i.HardFault_Handler  stm32f4xx_it.o
    0x08001ed4   0x08001ed4   0x00000040   Code   RO          950    i.LED_Init          led.o
    0x08001f14   0x08001f14   0x00000004   Code   RO          156    i.MemManage_Handler  stm32f4xx_it.o
    0x08001f18   0x08001f18   0x00000002   Code   RO          157    i.NMI_Handler       stm32f4xx_it.o
    0x08001f1a   0x08001f1a   0x00000002   PAD
    0x08001f1c   0x08001f1c   0x00000078   Code   RO         1227    i.NVIC_Init         misc.o
    0x08001f94   0x08001f94   0x00000014   Code   RO         1228    i.NVIC_PriorityGroupConfig  misc.o
    0x08001fa8   0x08001fa8   0x00000002   Code   RO          158    i.PendSV_Handler    stm32f4xx_it.o
    0x08001faa   0x08001faa   0x00000002   PAD
    0x08001fac   0x08001fac   0x00000020   Code   RO         1369    i.RCC_AHB1PeriphClockCmd  stm32f4xx_rcc.o
    0x08001fcc   0x08001fcc   0x00000020   Code   RO         1381    i.RCC_APB2PeriphClockCmd  stm32f4xx_rcc.o
    0x08001fec   0x08001fec   0x000000e8   Code   RO         1390    i.RCC_GetClocksFreq  stm32f4xx_rcc.o
    0x080020d4   0x080020d4   0x00000002   Code   RO          159    i.SVC_Handler       stm32f4xx_it.o
    0x080020d6   0x080020d6   0x00000002   PAD
    0x080020d8   0x080020d8   0x00000020   Code   RO         1090    i.SendChar          usart.o
    0x080020f8   0x080020f8   0x00000016   Code   RO         1091    i.SendString        usart.o
    0x0800210e   0x0800210e   0x00000002   PAD
    0x08002110   0x08002110   0x00000064   Code   RO         1092    i.Send_Data         usart.o
    0x08002174   0x08002174   0x000000ec   Code   RO          325    i.SetSysClock       system_stm32f4xx.o
    0x08002260   0x08002260   0x00000028   Code   RO         1231    i.SysTick_CLKSourceConfig  misc.o
    0x08002288   0x08002288   0x00000002   Code   RO          160    i.SysTick_Handler   stm32f4xx_it.o
    0x0800228a   0x0800228a   0x00000002   PAD
    0x0800228c   0x0800228c   0x00000068   Code   RO          327    i.SystemInit        system_stm32f4xx.o
    0x080022f4   0x080022f4   0x00000018   Code   RO          378    i.TIM_Cmd           stm32f4xx_tim.o
    0x0800230c   0x0800230c   0x00000004   Code   RO          444    i.TIM_SetCounter    stm32f4xx_tim.o
    0x08002310   0x08002310   0x00000088   Code   RO         1094    i.USART1_IRQHandler  usart.o
    0x08002398   0x08002398   0x00000058   Code   RO         1095    i.USART2_IRQHandler  usart.o
    0x080023f0   0x080023f0   0x00000070   Code   RO         1096    i.USART3_IRQHandler  usart.o
    0x08002460   0x08002460   0x00000018   Code   RO         1763    i.USART_Cmd         stm32f4xx_usart_1.o
    0x08002478   0x08002478   0x0000001a   Code   RO         1766    i.USART_GetFlagStatus  stm32f4xx_usart_1.o
    0x08002492   0x08002492   0x00000054   Code   RO         1767    i.USART_GetITStatus  stm32f4xx_usart_1.o
    0x080024e6   0x080024e6   0x0000004a   Code   RO         1769    i.USART_ITConfig    stm32f4xx_usart_1.o
    0x08002530   0x08002530   0x000000d4   Code   RO         1770    i.USART_Init        stm32f4xx_usart_1.o
    0x08002604   0x08002604   0x0000000a   Code   RO         1777    i.USART_ReceiveData  stm32f4xx_usart_1.o
    0x0800260e   0x0800260e   0x00000008   Code   RO         1780    i.USART_SendData    stm32f4xx_usart_1.o
    0x08002616   0x08002616   0x00000004   Code   RO          161    i.UsageFault_Handler  stm32f4xx_it.o
    0x0800261a   0x0800261a   0x00000030   Code   RO         2323    i.__ARM_fpclassify  m_wm.l(fpclassify.o)
    0x0800264a   0x0800264a   0x0000000e   Code   RO         2109    i._is_digit         c_w.l(__printf_wp.o)
    0x08002658   0x08002658   0x00000004   Code   RO         1097    i._sys_exit         usart.o
    0x0800265c   0x0800265c   0x00000004   Code   RO         1098    i._ttywrch          usart.o
    0x08002660   0x08002660   0x0000003c   Code   RO         1032    i.delay_init        delay.o
    0x0800269c   0x0800269c   0x00000048   Code   RO            3    i.main              main.o
    0x080026e4   0x080026e4   0x000000ac   Code   RO         1103    i.uart_init         usart.o
    0x08002790   0x08002790   0x0000002c   Code   RO         2303    locale$$code        c_w.l(lc_numeric_c.o)
    0x080027bc   0x080027bc   0x0000002c   Code   RO         2332    locale$$code        c_w.l(lc_ctype_c.o)
    0x080027e8   0x080027e8   0x0000000c   Code   RO         2191    x$fpl$dretinf       fz_wm.l(dretinf.o)
    0x080027f4   0x080027f4   0x00000056   Code   RO         2019    x$fpl$f2d           fz_wm.l(f2d.o)
    0x0800284a   0x0800284a   0x0000008c   Code   RO         2193    x$fpl$fnaninf       fz_wm.l(fnaninf.o)
    0x080028d6   0x080028d6   0x0000000a   Code   RO         2259    x$fpl$fpinit        fz_wm.l(fpinit.o)
    0x080028e0   0x080028e0   0x00000004   Code   RO         2195    x$fpl$printf1       fz_wm.l(printf1.o)
    0x080028e4   0x080028e4   0x00000004   Code   RO         2197    x$fpl$printf2       fz_wm.l(printf2.o)
    0x080028e8   0x080028e8   0x00000000   Code   RO         2203    x$fpl$usenofp       fz_wm.l(usenofp.o)
    0x080028e8   0x080028e8   0x00000008   Data   RO         2068    .constdata          c_w.l(_printf_wctomb.o)
    0x080028f0   0x080028f0   0x00000028   Data   RO         2097    .constdata          c_w.l(_printf_hex_int_ll_ptr.o)
    0x08002918   0x08002918   0x00000011   Data   RO         2117    .constdata          c_w.l(__printf_flags_ss_wp.o)
    0x08002929   0x08002929   0x00000026   Data   RO         2239    .constdata          c_w.l(_printf_fp_hex.o)
    0x0800294f   0x0800294f   0x00000001   PAD
    0x08002950   0x08002950   0x00000094   Data   RO         2278    .constdata          c_w.l(bigflt0.o)
    0x080029e4   0x080029e4   0x00000020   Data   RO         2384    Region$$Table       anon$$obj.o
    0x08002a04   0x08002a04   0x0000001c   Data   RO         2302    locale$$data        c_w.l(lc_numeric_c.o)
    0x08002a20   0x08002a20   0x00000110   Data   RO         2331    locale$$data        c_w.l(lc_ctype_c.o)


    Execution Region RW_IRAM1 (Exec base: 0x20000000, Load base: 0x08002b30, Size: 0x00000a18, Max: 0x00020000, ABSOLUTE)

    Exec Addr    Load Addr    Size         Type   Attr      Idx    E Section Name        Object

    0x20000000   0x08002b30   0x00000004   Data   RW         1036    .data               delay.o
    0x20000004   0x08002b34   0x00000010   Data   RW         1107    .data               usart.o
    0x20000014   0x08002b44   0x00000010   Data   RW         1422    .data               stm32f4xx_rcc.o
    0x20000024   0x08002b54   0x00000004   PAD
    0x20000028        -       0x0000038f   Zero   RW         1106    .bss                usart.o
    0x200003b7   0x08002b54   0x00000001   PAD
    0x200003b8        -       0x00000060   Zero   RW         2207    .bss                c_w.l(libspace.o)
    0x20000418        -       0x00000200   Zero   RW         1219    HEAP                startup_stm32f40_41xxx.o
    0x20000618        -       0x00000400   Zero   RW         1218    STACK               startup_stm32f40_41xxx.o


==============================================================================

Image component sizes


      Code (inc. data)   RO Data    RW Data    ZI Data      Debug   Object Name

        60          8          0          4          0        741   delay.o
        64          4          0          0          0        527   led.o
        72         10          0          0          0     247091   main.o
       180         24          0          0          0       2049   misc.o
        64         26        392          0       1536        832   startup_stm32f40_41xxx.o
       218          0          0          0          0       2286   stm32f4xx_gpio.o
        26          0          0          0          0      51874   stm32f4xx_it.o
       296         30          0         16          0       3990   stm32f4xx_rcc.o
        28          0          0          0          0     230787   stm32f4xx_tim.o
       438          8          0          0          0       5409   stm32f4xx_usart_1.o
       340         32          0          0          0       1453   system_stm32f4xx.o
       670         64          0         16        911       8238   usart.o

    ----------------------------------------------------------------------
      2466        206        424         36       2452     555277   Object Totals
         0          0         32          0          0          0   (incl. Generated)
        10          0          0          0          5          0   (incl. Padding)

    ----------------------------------------------------------------------

      Code (inc. data)   RO Data    RW Data    ZI Data      Debug   Library Member Name

         8          0          0          0          0         68   __main.o
       392          4         17          0          0         92   __printf_flags_ss_wp.o
        14          0          0          0          0         68   __printf_wp.o
         0          0          0          0          0          0   __rtentry.o
        12          0          0          0          0          0   __rtentry2.o
         6          0          0          0          0          0   __rtentry4.o
        52          8          0          0          0          0   __scatter.o
        26          0          0          0          0          0   __scatter_copy.o
        28          0          0          0          0          0   __scatter_zi.o
         6          0          0          0          0          0   _printf_a.o
         6          0          0          0          0          0   _printf_c.o
        44          0          0          0          0        108   _printf_char.o
        48          6          0          0          0         96   _printf_char_common.o
        40          0          0          0          0         68   _printf_charcount.o
         6          0          0          0          0          0   _printf_d.o
       120         16          0          0          0         92   _printf_dec.o
         6          0          0          0          0          0   _printf_e.o
         6          0          0          0          0          0   _printf_f.o
      1054          0          0          0          0        216   _printf_fp_dec.o
       764          8         38          0          0        100   _printf_fp_hex.o
       128         16          0          0          0         84   _printf_fp_infnan.o
         6          0          0          0          0          0   _printf_g.o
       148          4         40          0          0        160   _printf_hex_int_ll_ptr.o
         6          0          0          0          0          0   _printf_i.o
       178          0          0          0          0         88   _printf_intcommon.o
        10          0          0          0          0          0   _printf_l.o
         6          0          0          0          0          0   _printf_lc.o
        10          0          0          0          0          0   _printf_ll.o
         6          0          0          0          0          0   _printf_lld.o
         6          0          0          0          0          0   _printf_lli.o
         6          0          0          0          0          0   _printf_llo.o
         6          0          0          0          0          0   _printf_llu.o
         6          0          0          0          0          0   _printf_llx.o
       124         16          0          0          0         92   _printf_longlong_dec.o
         6          0          0          0          0          0   _printf_ls.o
         6          0          0          0          0          0   _printf_n.o
         6          0          0          0          0          0   _printf_o.o
       112         10          0          0          0        124   _printf_oct_int_ll.o
         6          0          0          0          0          0   _printf_p.o
        78          0          0          0          0        108   _printf_pad.o
         0          0          0          0          0          0   _printf_percent.o
         4          0          0          0          0          0   _printf_percent_end.o
         6          0          0          0          0          0   _printf_s.o
        82          0          0          0          0         80   _printf_str.o
        36          0          0          0          0         84   _printf_truncate.o
         6          0          0          0          0          0   _printf_u.o
        44          0          0          0          0        108   _printf_wchar.o
       188          6          8          0          0         92   _printf_wctomb.o
         6          0          0          0          0          0   _printf_x.o
        10          0          0          0          0         68   _sputc.o
        64          0          0          0          0         92   _wcrtomb.o
       228          4        148          0          0         96   bigflt0.o
      1936        128          0          0          0        672   btod.o
        10          0          0          0          0         68   defsig_exit.o
        50          0          0          0          0         88   defsig_general.o
        80         58          0          0          0         76   defsig_rtmem_inner.o
        14          0          0          0          0         80   defsig_rtmem_outer.o
        18          0          0          0          0         80   exit.o
        94          0          0          0          0         80   h1_alloc.o
        52          0          0          0          0         68   h1_extend.o
        78          0          0          0          0         80   h1_free.o
        14          0          0          0          0         84   h1_init.o
         6          0          0          0          0        152   heapauxi.o
         4          0          0          0          0        136   hguard.o
       138          0          0          0          0        168   init_alloc.o
        44         10        272          0          0         76   lc_ctype_c.o
        44         10         28          0          0         76   lc_numeric_c.o
         2          0          0          0          0          0   libinit.o
        42          0          0          0          0          0   libinit2.o
         2          0          0          0          0          0   libshutdown.o
         2          0          0          0          0          0   libshutdown2.o
         8          4          0          0         96         68   libspace.o
       138          0          0          0          0         80   lludiv10.o
         0          0          0          0          0          0   maybetermalloc1.o
        16          4          0          0          0         76   rt_ctype_table.o
         8          4          0          0          0         68   rt_heap_descriptor_intlibspace.o
         8          4          0          0          0         68   rt_locale_intlibspace.o
         2          0          0          0          0          0   rtexit.o
        10          0          0          0          0          0   rtexit2.o
       128          0          0          0          0         68   strcmpv7m.o
        62          0          0          0          0         76   strlen.o
        74          0          0          0          0         80   sys_stackheap_outer.o
         2          0          0          0          0         68   use_no_semi.o
         2          0          0          0          0         68   use_no_semi_2.o
        36          4          0          0          0         76   vsprintf.o
        12          0          0          0          0        116   dretinf.o
        86          4          0          0          0        132   f2d.o
       140          4          0          0          0        132   fnaninf.o
        10          0          0          0          0        116   fpinit.o
         4          0          0          0          0        116   printf1.o
         4          0          0          0          0        116   printf2.o
         0          0          0          0          0          0   usenofp.o
        48          0          0          0          0        124   fpclassify.o

    ----------------------------------------------------------------------
      7614        332        552          0         96       5816   Library Totals
        14          0          1          0          0          0   (incl. Padding)

    ----------------------------------------------------------------------

      Code (inc. data)   RO Data    RW Data    ZI Data      Debug   Library Name

      7296        324        551          0         96       4964   c_w.l
       256          8          0          0          0        728   fz_wm.l
        48          0          0          0          0        124   m_wm.l

    ----------------------------------------------------------------------
      7614        332        552          0         96       5816   Library Totals

    ----------------------------------------------------------------------

==============================================================================


      Code (inc. data)   RO Data    RW Data    ZI Data      Debug   

     10080        538        976         36       2548     554237   Grand Totals
     10080        538        976         36       2548     554237   ELF Image Totals
     10080        538        976         36          0          0   ROM Totals

==============================================================================

    Total RO  Size (Code + RO Data)                11056 (  10.80kB)
    Total RW  Size (RW Data + ZI Data)              2584 (   2.52kB)
    Total ROM Size (Code + RO Data + RW Data)      11092 (  10.83kB)

==============================================================================

